2026-08-26T01:58:57Z
CWD=/home/ubuntu/forgelocal_self_validation_v6/operational_validation_v1/repo
LOCAL_HEAD=6817b6a18bc5317e7527f281d13fec2f3813bc8c
REMOTE_HEAD=6817b6a18bc5317e7527f281d13fec2f3813bc8c
--- STATUS ---
[31m??[m evidence/SECURITY_GOSEC_REVIEW/GOSEC_REVIEW_R2_LOT1_BASELINE_DISCOVERY_RAW.log
[31m??[m evidence/SMOKE_INTEGRATED_PROXY/
--- RESERVED PORTS ---
--- PROCESSES ---
--- GOSEC BASELINE COUNTS ---
{
  "issues": 176,
  "rules": [
    {
      "rule": "G101",
      "count": 1
    },
    {
      "rule": "G104",
      "count": 53
    },
    {
      "rule": "G107",
      "count": 1
    },
    {
      "rule": "G110",
      "count": 3
    },
    {
      "rule": "G115",
      "count": 8
    },
    {
      "rule": "G118",
      "count": 1
    },
    {
      "rule": "G122",
      "count": 1
    },
    {
      "rule": "G204",
      "count": 6
    },
    {
      "rule": "G301",
      "count": 25
    },
    {
      "rule": "G302",
      "count": 5
    },
    {
      "rule": "G304",
      "count": 22
    },
    {
      "rule": "G305",
      "count": 3
    },
    {
      "rule": "G306",
      "count": 9
    },
    {
      "rule": "G404",
      "count": 17
    },
    {
      "rule": "G703",
      "count": 14
    },
    {
      "rule": "G704",
      "count": 7
    }
  ]
}
--- TOOLS ---
gosec: Version: dev
govulncheck: Scanner: govulncheck@v1.1.4
gitleaks: Error: unknown flag: --version
osv-scanner: osv-scanner version: 1.9.2
trivy: Version: 0.74.0
semgrep: NOT_AVAILABLE
grype: NOT_AVAILABLE
shellcheck: NOT_AVAILABLE
yamllint: NOT_AVAILABLE
