UTC=2026-08-26T02:18:27Z
CWD=/home/ubuntu/forgelocal_self_validation_v6/operational_validation_v1/repo
CURRENT_HEAD=20e5181554c52a92d6e1acad15feb426e8804621
EXPECTED_LOT1_FINAL=20e5181554c52a92d6e1acad15feb426e8804621
SOURCE_COMMIT=cd0d2e61990ceb421765f75a26cfd986ad9dc558
HEAD_MATCH=PASS
SOURCE_IS_ANCESTOR=PASS
--- SOURCE DIFF ---
 cmd/server/cli_backup_security_test.go    | 127 [32m+++++++++++++++[m
 cmd/server/cli_runtime.go                 | 133 [32m++++++++++++++[m[31m--[m
 internal/browser/archive_security.go      | 248 [32m++++++++++++++++++++++++++++++[m
 internal/browser/archive_security_test.go | 151 [32m++++++++++++++++++[m
 internal/browser/download.go              |  96 [32m+[m[31m-----------[m
 5 files changed, 652 insertions(+), 103 deletions(-)
cmd/server/cli_backup_security_test.go
cmd/server/cli_runtime.go
internal/browser/archive_security.go
internal/browser/archive_security_test.go
internal/browser/download.go
--- SIDECARS ---
evidence/SECURITY_GOSEC_REVIEW/forgelocal-security-r2-lot1-final.zip: OK
evidence/SECURITY_GOSEC_REVIEW/forgelocal-security-r2-lot1-final.tar.gz: OK
evidence/SECURITY_GOSEC_REVIEW/forgelocal-security-r2-lot1-delta-cba6beb.bundle: OK
--- MANIFEST SELF CHECK ---
MANIFEST_SELF_REFERENCE=FAIL
