utc=2026-08-25T03:47Z
lot=LFS-CONSERVATION-RESTORATION
base_commit=a236291262bd11513e4c82474cce41d3f7c7a726
base_branch=audit/t00-t42-lfs-conservation-audit
source=V6 LFS conservation audit, with 14 initially missing, 2 recovered by targeted fetch, 12 currently unavailable
working_tree_before_lot=clean

--- policy
Never run `git lfs pull` without an include filter. Never fetch all history globally. Do not change Core, Dashboard business logic or V3-V6 historical wrappers. Do not start T28/T29/T39/T40/T41/T42, Camoufox, real proxy, cookies, user data, native SystemVault, migration, production runtime or release.

--- current unavailable set
1 a7e8729c65c8dfd1ef64e713331f6036daa210ac6cf9f4f5f1a6f38d87634387 1992294400 continuation/T00-T27/archive-packages/forgelocal-continuation-t00-t23-20260819.zip.part.00
2 20b32719150556255aebb4c9aa2413be9012197e178d5d7e841bc9b0b8f06d29 425038907 continuation/T00-T27/archive-packages/forgelocal-continuation-t00-t23-20260819.zip.part.01
3 037eb5650a8fcefb1b2ab9bf747772ab3cf2ead9c698ca85675d433da56f4526 153973983 continuation/T00-T27/archive-packages/forgelocal-t24-bulk-evidence-7f63c71.zip
4 9c9be6107e420e7a8c83ac64d6f3b80063bcad10b08f5a7c4c395f342bbd61f3 153984867 continuation/T00-T27/archive-packages/forgelocal-t25-synthetic-cookie-fixtures-a7ccfbc.zip
5 bb984b9d991538862079b68d16804136e1912e689d89ac262866cc5221ac3f18 153990161 continuation/T00-T27/archive-packages/forgelocal-t26-simulated-provider-930003c.zip
6 2a13180aa44db915313c4bd9a0d2ae8472a5cea6dcbddebcc6c70e222a78fb22 438834687 continuation/T00-T27/archive-packages/forgelocal-t27-r1-local-continuation-full.tar.gz
7 ab57d11f59fa0d13db7ded91e0a468413a094104ae8778761df919d103cbd271 153920278 continuation/T27-R1/evidence/CR01/forgelocal-t27-r1-cr01-df50a2b.bundle
8 b1cdcf44d081ef6e30f2f5524156765c88d1dc2a9e24a08048cad025935d741b 154124106 continuation/T27-R1/evidence/CR01/forgelocal-t27-r1-cr01-evidence-df50a2b.zip
9 14ef76cb68e7f64ff49fdc649cbcf96c5c69b0e9c410c5824a0592b7e33d1d14 109839371 evidence/PREHUMAN_T00_T42/forgelocal-t28-t42-prehuman-validation.bundle
10 5c586895ea9b096ee529207ea57640227c5cb663c77c8d3aa77036258528fd80 109998883 evidence/PREHUMAN_T00_T42/forgelocal-t28-t42-prehuman-validation.zip
11 27598b6d55c767d338e0f61d7acf7f7d6786664d05752117cf57c7fd28fd48ec 110452290 evidence/forgelocal-t00-t42-prehuman-final-review-wrapper-v2.zip
12 10059c3c610d5a1b1ade88f936c8bb52ed893741a596326d8ba532f6f415e2fe 271949 evidence/forgelocal-t00-t42-self-validation-v4.delta.bundle

--- required outcome
Attempt targeted retrieval for each path and record the exact command and exit/result. Restore byte-identical objects where available. Close only with `git lfs fsck` equal to zero or an individually approved non-critical exception for each remaining object. Current expectation: historical evidence remains unavailable pending administrator restoration.
