a7e8729c65c8dfd1ef64e713331f6036daa210ac6cf9f4f5f1a6f38d87634387 - continuation/T00-T27/archive-packages/forgelocal-continuation-t00-t23-20260819.zip.part.00
20b32719150556255aebb4c9aa2413be9012197e178d5d7e841bc9b0b8f06d29 - continuation/T00-T27/archive-packages/forgelocal-continuation-t00-t23-20260819.zip.part.01
037eb5650a8fcefb1b2ab9bf747772ab3cf2ead9c698ca85675d433da56f4526 - continuation/T00-T27/archive-packages/forgelocal-t24-bulk-evidence-7f63c71.zip
9c9be6107e420e7a8c83ac64d6f3b80063bcad10b08f5a7c4c395f342bbd61f3 - continuation/T00-T27/archive-packages/forgelocal-t25-synthetic-cookie-fixtures-a7ccfbc.zip
bb984b9d991538862079b68d16804136e1912e689d89ac262866cc5221ac3f18 - continuation/T00-T27/archive-packages/forgelocal-t26-simulated-provider-930003c.zip
2a13180aa44db915313c4bd9a0d2ae8472a5cea6dcbddebcc6c70e222a78fb22 - continuation/T00-T27/archive-packages/forgelocal-t27-r1-local-continuation-full.tar.gz
ab57d11f59fa0d13db7ded91e0a468413a094104ae8778761df919d103cbd271 - continuation/T27-R1/evidence/CR01/forgelocal-t27-r1-cr01-df50a2b.bundle
b1cdcf44d081ef6e30f2f5524156765c88d1dc2a9e24a08048cad025935d741b - continuation/T27-R1/evidence/CR01/forgelocal-t27-r1-cr01-evidence-df50a2b.zip
14ef76cb68e7f64ff49fdc649cbcf96c5c69b0e9c410c5824a0592b7e33d1d14 - evidence/PREHUMAN_T00_T42/forgelocal-t28-t42-prehuman-validation.bundle
5c586895ea9b096ee529207ea57640227c5cb663c77c8d3aa77036258528fd80 - evidence/PREHUMAN_T00_T42/forgelocal-t28-t42-prehuman-validation.zip
ad4484e795b80eb5b7655228012e695dc4b260d43057477a97ae145d164614c2 - evidence/SELF_VALIDATION_V6/forgelocal-t00-t42-self-validation-v6.delta.bundle
5b31ae7afcdc032bec46785a2573ceab9ec797261c3e0d31490f3c6fb9dfbe2b - evidence/V6_HISTORY/SELF_VALIDATION_V5/forgelocal-t00-t42-prehuman-final-review-wrapper-v3-code-fixed.zip
f6544091783c2a4d4694d4b5f02c5dd5f0c70d22dab5efbb90abfd81418019bc - evidence/V6_HISTORY/SELF_VALIDATION_V5/forgelocal-t00-t42-self-validation-v4-synthetic-e2e.zip
29bed6c7b56f66e1096bd8fc6a615310b4552c07498aa7fab8a3e38cafdcfaf3 - evidence/V6_HISTORY/SELF_VALIDATION_V5/forgelocal-t00-t42-self-validation-v5.delta.bundle
5b31ae7afcdc032bec46785a2573ceab9ec797261c3e0d31490f3c6fb9dfbe2b - evidence/V6_HISTORY/forgelocal-t00-t42-prehuman-final-review-wrapper-v3-code-fixed.zip
f6544091783c2a4d4694d4b5f02c5dd5f0c70d22dab5efbb90abfd81418019bc - evidence/V6_HISTORY/forgelocal-t00-t42-self-validation-v4-synthetic-e2e.zip
40858a40752f60e567be4dba965ac2afd987cb8054878335a1ccb8afac5b9bd3 - evidence/V6_HISTORY/forgelocal-t00-t42-self-validation-v5-enhanced.zip
29bed6c7b56f66e1096bd8fc6a615310b4552c07498aa7fab8a3e38cafdcfaf3 - evidence/V6_HISTORY/forgelocal-t00-t42-self-validation-v5.delta.bundle
27598b6d55c767d338e0f61d7acf7f7d6786664d05752117cf57c7fd28fd48ec - evidence/forgelocal-t00-t42-prehuman-final-review-wrapper-v2.zip
5b31ae7afcdc032bec46785a2573ceab9ec797261c3e0d31490f3c6fb9dfbe2b - evidence/forgelocal-t00-t42-prehuman-final-review-wrapper-v3-code-fixed.zip
f6544091783c2a4d4694d4b5f02c5dd5f0c70d22dab5efbb90abfd81418019bc - evidence/forgelocal-t00-t42-self-validation-v4-synthetic-e2e.zip
10059c3c610d5a1b1ade88f936c8bb52ed893741a596326d8ba532f6f415e2fe - evidence/forgelocal-t00-t42-self-validation-v4.delta.bundle
ce722915d70e0aa528927b753c6f18efa5706fc9fa8703ef6f449b6728a5fab6 - evidence/forgelocal-t00-t42-self-validation-v6-findings-remediation.zip
ad4484e795b80eb5b7655228012e695dc4b260d43057477a97ae145d164614c2 - evidence/forgelocal-t00-t42-self-validation-v6.delta.bundle
