utc=2026-08-25T02:48:26Z
cwd=/home/ubuntu/forgelocal_self_validation_v6/docker_hardening
base=999374d99b7996504ba91e421850a2fe84afb78d
 [31mM[m Dockerfile
 [31mM[m docker/Dockerfile.run
+ git diff --check
diff_check_exit=0
+ bash -n docker/entrypoint.sh
bash_n_exit=0
+ trivy config Dockerfile docker/Dockerfile.run
Scan config files for misconfigurations

Usage:
  trivy config [flags] DIR

Aliases:
  config, conf

Cache Flags
      --cache-backend string   [EXPERIMENTAL] cache backend (e.g. redis://localhost:6379) (default "memory")
      --cache-ttl duration     cache TTL when using redis as cache backend
      --redis-ca string        redis ca file location, if using redis as cache backend
      --redis-cert string      redis certificate file location, if using redis as cache backend
      --redis-key string       redis key file location, if using redis as cache backend
      --redis-tls              enable redis TLS with public certificates, if using redis as cache backend

Misconfiguration Flags
      --ansible-extra-vars strings        set additional variables as key=value or @file (YAML/JSON)
      --ansible-inventory strings         specify inventory host path or comma separated host list
      --ansible-playbook strings          specify playbook file path(s) to scan
      --cf-params strings                 specify paths to override the CloudFormation parameters files
      --checks-bundle-repository string   OCI registry URL to retrieve checks bundle from (default "mirror.gcr.io/aquasec/trivy-checks:2")
      --config-file-schemas strings       specify paths to JSON configuration file schemas to determine that a file matches some configuration and pass the schema to Rego checks for type checking
      --helm-api-versions strings         Available API versions used for Capabilities.APIVersions. This flag is the same as the api-versions flag of the helm template command. (can specify multiple or separate values with commas: policy/v1/PodDisruptionBudget,apps/v1/Deployment)
      --helm-kube-version string          Kubernetes version used for Capabilities.KubeVersion. This flag is the same as the kube-version flag of the helm template command.
      --helm-set strings                  specify Helm values on the command line (can specify multiple or separate values with commas: key1=val1,key2=val2)
      --helm-set-file strings             specify Helm values from respective files specified via the command line (can specify multiple or separate values with commas: key1=path1,key2=path2)
      --helm-set-string strings           specify Helm string values on the command line (can specify multiple or separate values with commas: key1=val1,key2=val2)
      --helm-values strings               specify paths to override the Helm values.yaml files
      --include-non-failures              include successes, available with '--scanners misconfig'
      --misconfig-scanners strings        comma-separated list of misconfig scanners to use for misconfiguration scanning (default [azure-arm,cloudformation,dockerfile,helm,kubernetes,terraform,terraformplan-json,terraformplan-snapshot,ansible])
      --raw-config-scanners strings       specify the types of scanners that will also scan raw configurations. For example, scanners will scan a non-adapted configuration into a shared state (allowed values: terraform)
      --render-cause strings              specify configuration types for which the rendered causes will be shown in the table report (allowed values: terraform,ansible)
      --tf-exclude-downloaded-modules     exclude misconfigurations for downloaded terraform modules
      --tf-vars strings                   specify paths to override the Terraform tfvars files

Module Flags
      --enable-modules strings   [EXPERIMENTAL] module names to enable
      --module-dir string        specify directory to the wasm modules that will be loaded (default "/home/ubuntu/.trivy/modules")

Registry Flags
      --password strings        password. Comma-separated passwords allowed. TRIVY_PASSWORD should be used for security reasons.
      --password-stdin          password from stdin. Comma-separated passwords are not supported.
      --registry-token string   registry token
      --username strings        username. Comma-separated usernames allowed.

Rego Flags
      --check-namespaces strings    Rego namespaces
      --config-check strings        specify the paths to the Rego check files or to the directories containing them, applying config files
      --config-data strings         specify paths from which data for the Rego checks will be recursively loaded
      --include-deprecated-checks   include deprecated checks
      --rego-error-limit int        maximum number of compile errors allowed during Rego policy evaluation (default 10)
      --skip-check-update           skip fetching rego check updates
      --trace-rego                  enable more verbose trace output for custom queries

Kubernetes Flags
      --k8s-version string   specify k8s version to validate outdated api by it (example: 1.21.0)

Report Flags
      --compliance string          compliance report to generate
      --exit-code int              specify exit code when any security issues are found
  -f, --format string              format
                                   Allowed values:
                                     - table
                                     - json
                                     - template
                                     - sarif
                                     - cyclonedx
                                     - spdx
                                     - spdx-json
                                     - github
                                     - cosign-vuln
                                    (default "table")
      --ignore-policy string       specify the Rego file path to evaluate each vulnerability
      --ignorefile string          specify .trivyignore file (default ".trivyignore")
  -o, --output string              output file name
      --output-plugin-arg string   [EXPERIMENTAL] output plugin arguments
      --report string              specify a compliance report format for the output (allowed values: all,summary) (default "all")
  -s, --severity strings           severities of security issues to be displayed
                                   Allowed values:
                                     - UNKNOWN
                                     - LOW
                                     - MEDIUM
                                     - HIGH
                                     - CRITICAL
                                    (default [UNKNOWN,LOW,MEDIUM,HIGH,CRITICAL])
      --table-mode strings         [EXPERIMENTAL] tables that will be displayed in 'table' format (allowed values: summary,detailed) (default [summary,detailed])
  -t, --template string            output template (file path must have .tpl extension)

Scan Flags
      --disable-telemetry       disable sending anonymous usage data to Aqua
      --file-patterns strings   specify config file patterns
      --skip-dirs strings       specify the directories or glob patterns to skip
      --skip-files strings      specify the files or glob patterns to skip
      --skip-version-check      suppress notices about version updates and Trivy announcements

Global Flags:
      --cacert string             Path to PEM-encoded CA certificate file
      --cache-dir string          cache directory (default "/home/ubuntu/.cache/trivy")
  -c, --config string             config path (default "trivy.yaml")
  -d, --debug                     debug mode
      --generate-default-config   write the default config to trivy-default.yaml
      --insecure                  allow insecure server connections
  -q, --quiet                     suppress progress bar and log output
      --timeout duration          timeout (default 5m0s)
  -v, --version                   show version
2026-08-25T02:48:26Z	FATAL	Fatal error	multiple targets cannot be specified
trivy_config_exit=1
+ docker build -f Dockerfile.run
bash: docker: command not found
docker_build_exit=127
+ docker compose config
bash: docker: command not found
compose_exit=127
trivy_config_corrected_exit=0
