+ go mod why -m golang.org/x/mod
# golang.org/x/mod
forgelocal/internal/backup
modernc.org/sqlite
modernc.org/libc
modernc.org/libc.test
modernc.org/ccgo/v4/lib
golang.org/x/mod/semver
exit_code=0
+ go mod graph | grep golang.org/x/mod
modernc.org/libc@v1.74.4 golang.org/x/mod@v0.37.0
golang.org/x/text@v0.14.0 golang.org/x/mod@v0.8.0
golang.org/x/text@v0.9.0 golang.org/x/mod@v0.8.0
golang.org/x/tools@v0.6.0 golang.org/x/mod@v0.8.0
golang.org/x/mod@v0.8.0 golang.org/x/tools@v0.1.12
golang.org/x/tools@v0.1.12 golang.org/x/mod@v0.6.0-dev.0.20220419223038-86c51ed26bb4
golang.org/x/text@v0.7.0 golang.org/x/mod@v0.6.0-dev.0.20220419223038-86c51ed26bb4
golang.org/x/mod@v0.6.0-dev.0.20220419223038-86c51ed26bb4 golang.org/x/crypto@v0.0.0-20210921155107-089bfa567519
golang.org/x/mod@v0.6.0-dev.0.20220419223038-86c51ed26bb4 golang.org/x/tools@v0.0.0-20191119224855-298f0cb1881e
exit_code=0
+ go list -m -json golang.org/x/mod
{
	"Path": "golang.org/x/mod",
	"Version": "v0.37.0",
	"Time": "2026-06-08T15:10:58Z",
	"Indirect": true,
	"Dir": "/home/ubuntu/go/pkg/mod/golang.org/x/mod@v0.37.0",
	"GoMod": "/home/ubuntu/go/pkg/mod/cache/download/golang.org/x/mod/@v/v0.37.0.mod",
	"GoVersion": "1.25.0",
	"Sum": "h1:vF1DjpVEshcIqoEaauuHebaLk1O1forxjxBaVn884JQ=",
	"GoModSum": "h1:m8S8VeM9r4dzDwjrKO0a1sZP3YjeMamRRlD+fmR2Q/0="
}
exit_code=0
+ grep go.mod
go.sum:54:golang.org/x/mod v0.6.0-dev.0.20220419223038-86c51ed26bb4/go.mod h1:jJ57K6gSWd91VN4djpZkiMVwK6gcyfeH4XE8wZrZaV4=
go.sum:55:golang.org/x/mod v0.8.0/go.mod h1:iBbtSCu2XBx23ZKBPSOrRkjjQPZFPuis4dIYUhu/chs=
go.sum:56:golang.org/x/mod v0.37.0 h1:vF1DjpVEshcIqoEaauuHebaLk1O1forxjxBaVn884JQ=
go.sum:57:golang.org/x/mod v0.37.0/go.mod h1:m8S8VeM9r4dzDwjrKO0a1sZP3YjeMamRRlD+fmR2Q/0=
exit_code=0
