GITHUB_CLI_FINAL_RECHECK=FINAL_SECRET_REMEDIATION
DATE_UTC=2026-08-27T03:22:00Z
CWD=/home/ubuntu/forgelocal-final-secret-remediation/repo
COMMAND_1=gh auth status
COMMAND_1_EXIT=1
COMMAND_1_RESULT=INVALID_TOKEN_REPORTED_BY_GITHUB_CLI
COMMAND_2=gh pr view 1 --json number,url,state,baseRefName,headRefName,mergeStateStatus,statusCheckRollup
COMMAND_2_EXIT=1
COMMAND_2_RESULT=HTTP_401_BAD_CREDENTIALS
COMMAND_3=gh run list --branch validation/final-secret-remediation
COMMAND_3_EXIT=1
COMMAND_3_RESULT=HTTP_401_BAD_CREDENTIALS
COMMAND_4=gh api repos/davidwilsonbest89-afk/forgelocal-public-sanitized/branches/validation/final-secret-remediation/protection
COMMAND_4_EXIT=1
COMMAND_4_RESULT=HTTP_401_BAD_CREDENTIALS
COMMAND_5=git ls-remote origin refs/heads/validation/final-secret-remediation
COMMAND_5_EXIT=0
COMMAND_5_RESULT=REMOTE_READ_ONLY_HEAD_AVAILABLE

CI_REMOTE_EXECUTION_PREVIOUSLY_OBSERVED=TRUE
CI_REMOTE_FINAL_RECHECK=NOT_EXECUTED_CREDENTIAL_UNAVAILABLE
CI_REMOTE_EXECUTION_PASS=FALSE
CI_REMOTE_EXECUTION_CONCLUSION=NOT_ASSERTED
BRANCH_PROTECTION_RECHECK=NOT_EXECUTED_CREDENTIAL_UNAVAILABLE
NO_TOKEN_VALUE_RETAINED=TRUE
