=== PNPM_DASHBOARD_CHECK ===
2026-08-26T18:59:00+00:00

> forgelocal-dashboard@1.0.0 check /home/ubuntu/forgelocal-final-environment-closure/repo/forge-dashboard
> tsc --noEmit

EXIT_CODE=0
=== PNPM_DASHBOARD_BUILD ===
2026-08-26T18:59:05+00:00

> forgelocal-dashboard@1.0.0 build /home/ubuntu/forgelocal-final-environment-closure/repo/forge-dashboard
> vite build && esbuild server/index.ts --platform=node --packages=external --bundle --format=esm --outdir=dist

vite v7.3.6 building client environment for production...
transforming...
✓ 1629 modules transformed.
rendering chunks...
computing gzip size...
../dist/public/index.html                 367.70 kB │ gzip: 105.61 kB
../dist/public/assets/index-CmkDj0A3.css  140.59 kB │ gzip:  25.20 kB
../dist/public/assets/index-C0hTqVVo.js   446.94 kB │ gzip: 122.47 kB
✓ built in 3.96s

  dist/index.js  788b 

⚡ Done in 9ms
EXIT_CODE=0
=== ROOT_DOC_LANGUAGE ===
2026-08-26T18:59:12+00:00
$ node scripts/check-doc-language.js
Checked 16 public English documentation files.
EXIT_CODE=0
=== ROOT_COMPONENT_RIGHTS ===
2026-08-26T18:59:13+00:00
$ node scripts/check-component-rights.mjs && node scripts/test-component-rights.mjs
component-rights: FAILED
- empreinte inattendue: go.mod
- empreinte inattendue: go.sum
[ELIFECYCLE] Command failed with exit code 1.
EXIT_CODE=1
=== ROOT_T07_PROVENANCE ===
2026-08-26T18:59:14+00:00
$ node scripts/test-t07-provenance.mjs
file:///home/ubuntu/forgelocal-final-environment-closure/repo/scripts/test-t07-provenance.mjs:11
  if (!condition) throw new Error(message);
                        ^

Error: Camoflox doit rester bloqué et non intégré
    at expect (file:///home/ubuntu/forgelocal-final-environment-closure/repo/scripts/test-t07-provenance.mjs:11:25)
    at file:///home/ubuntu/forgelocal-final-environment-closure/repo/scripts/test-t07-provenance.mjs:22:1
    at ModuleJob.run (node:internal/modules/esm/module_job:271:25)
    at async onImport.tracePromise.__proto__ (node:internal/modules/esm/loader:547:26)
    at async asyncRunEntryPointWithESMLoader (node:internal/modules/run_main:116:5)

Node.js v22.13.0
[ELIFECYCLE] Command failed with exit code 1.
EXIT_CODE=1
=== ROOT_T07_RECEIPT ===
2026-08-26T18:59:14+00:00
$ node scripts/test-t07-r-validator.mjs
t07r_validator_regressions=PASS
EXIT_CODE=0
=== GIT_DIFF_CHECK ===
2026-08-26T18:59:15+00:00
EXIT_CODE=0
