UTC=2026-08-27T18:30:00Z
CWD=/home/ubuntu/forgelocal-final-secret-remediation/pasted19-clone
COMMAND=df -h /home/ubuntu
OUTPUT=available space below safe threshold for a new image build campaign; no heavy installation or image rebuild started
COMMAND=docker version 2>&1
OUTPUT=client 29.1.3; daemon socket unavailable
EXIT_CODE=1
COMMAND=docker info 2>&1
OUTPUT=failed to connect to docker API at unix:///var/run/docker.sock; daemon inactive
EXIT_CODE=1
COMMAND=docker buildx version 2>&1
OUTPUT=github.com/docker/buildx 0.30.1
EXIT_CODE=0
COMMAND=sudo systemctl is-active docker
OUTPUT=inactive
EXIT_CODE=3
COMMAND=test -S /var/run/docker.sock
OUTPUT=absent
EXIT_CODE=1
DECISION=DOCKER_BRIDGE_BUILD_BLOCKED_BY_ENVIRONMENT
NEW_IMAGE_BUILD=NOT_EXECUTED_ENVIRONMENT_UNAVAILABLE
NO_IPTABLES_OR_KERNEL_BYPASS=TRUE
