
=== COMMAND: date -u +%FT%TZ ===
2026-08-27T15:54:43Z
EXIT_CODE=0

=== COMMAND: pwd ===
/home/ubuntu/forgelocal-final-secret-remediation/pasted16-preflight-clone
EXIT_CODE=0

=== COMMAND: uname -a ===
Linux db71298c03d4 6.18.38+ #1 SMP PREEMPT_DYNAMIC Thu Aug  6 06:48:14 UTC 2026 x86_64 x86_64 x86_64 GNU/Linux
EXIT_CODE=0

=== COMMAND: id ===
uid=1000(ubuntu) gid=1000(ubuntu) groups=1000(ubuntu),4(adm),20(dialout),24(cdrom),25(floppy),27(sudo),29(audio),30(dip),44(video),46(plugdev)
EXIT_CODE=0

=== COMMAND: df -h ===
Filesystem      Size  Used Avail Use% Mounted on
/dev/root        48G   43G  4.8G  90% /
tmpfs           2.0G     0  2.0G   0% /dev/shm
tmpfs           788M  248K  788M   1% /run
tmpfs           5.0M     0  5.0M   0% /run/lock
EXIT_CODE=0

=== COMMAND: free -h ===
               total        used        free      shared  buff/cache   available
Mem:            23Gi       2.9Gi        20Gi        10Mi       2.0Gi        20Gi
Swap:          2.0Gi          0B       2.0Gi
EXIT_CODE=0

=== COMMAND: go version ===
bash: line 1: go: command not found
EXIT_CODE=127

=== COMMAND: go env GOTOOLCHAIN GOPROXY GOPATH GOMODCACHE ===
bash: line 1: go: command not found
EXIT_CODE=127

=== COMMAND: node --version ===
v22.13.0
EXIT_CODE=0

=== COMMAND: pnpm --version ===
10.4.1
EXIT_CODE=0

=== COMMAND: git --version ===
git version 2.43.0
EXIT_CODE=0

=== COMMAND: git lfs version ===
git: 'lfs' is not a git command. See 'git --help'.

The most similar command is
	lfs-s3
EXIT_CODE=1

=== COMMAND: docker version 2>&1 ===
Client:
 Version:           29.1.3
 API version:       1.52
 Go version:        go1.24.4
 Git commit:        29.1.3-0ubuntu3~24.04.2
 Built:             Wed Apr 29 16:41:06 2026
 OS/Arch:           linux/amd64
 Context:           default
failed to connect to the docker API at unix:///var/run/docker.sock; check if the path is correct and if the daemon is running: dial unix /var/run/docker.sock: connect: no such file or directory
EXIT_CODE=1

=== COMMAND: docker info 2>&1 ===
Client:
 Version:    29.1.3
 Context:    default
 Debug Mode: false
 Plugins:
  buildx: Docker Buildx (Docker Inc.)
    Version:  0.30.1
    Path:     /usr/libexec/docker/cli-plugins/docker-buildx
  trust: Manage trust on Docker images (Docker Inc.)
    Version:  29.1.3
    Path:     /usr/libexec/docker/cli-plugins/docker-trust

Server:
failed to connect to the docker API at unix:///var/run/docker.sock; check if the path is correct and if the daemon is running: dial unix /var/run/docker.sock: connect: no such file or directory
EXIT_CODE=1

=== COMMAND: docker buildx version 2>&1 ===
github.com/docker/buildx 0.30.1 0.30.1-0ubuntu1~24.04.1
EXIT_CODE=0

=== COMMAND: firefox --version 2>&1 ===
bash: line 1: firefox: command not found
EXIT_CODE=127

=== COMMAND: camoufox --version 2>&1 ===
bash: line 1: camoufox: command not found
EXIT_CODE=127

=== COMMAND: git remote -v ===
origin	https://github.com/davidwilsonbest89-afk/forgelocal-public-sanitized.git (fetch)
origin	https://github.com/davidwilsonbest89-afk/forgelocal-public-sanitized.git (push)
EXIT_CODE=0

=== COMMAND: git branch --show-current ===
EXIT_CODE=0

=== COMMAND: git rev-parse HEAD ===
db2498654bea14bdbd8bdf190be13fdb96605e31
EXIT_CODE=0

=== COMMAND: git rev-parse HEAD^ ===
c0e0fae2b2b7098864240db2d0bd20fc6dcaca0c
EXIT_CODE=0

=== COMMAND: git status --short --branch ===
## HEAD (no branch)
?? run_preflight.sh
EXIT_CODE=0
