SCAN_SCOPE=clone_neuf_branche_corrective
GITLEAKS_SOURCE_EXIT=0
GITLEAKS_HISTORY_EXIT=0
TRIVY_FS_SECRET_EXIT=0
TRIVY_FS_SECRET_FINDINGS=0
SYFT_SOURCE_EXIT=0
GRYPE_SOURCE_EXIT=0
GRYPE_SOURCE_MATCHES=0
GRYPE_SOURCE_CRITICAL_HIGH=0
SEMGREP_EXIT=0
SEMGREP_FINDINGS=46
SEMGREP_FINDING_MATRIX=46_ROWS
YAMLLINT_EXIT=0
SHELLCHECK_STATUS=AVAILABLE_BUT_NOT_RERUN_LOCAL;REMOTE_CI_PASS_RECORDED
GOSEC_STATUS=NOT_EXECUTED_ENVIRONMENT_UNAVAILABLE
GOVULNCHECK_STATUS=NOT_EXECUTED_ENVIRONMENT_UNAVAILABLE
OSV_SCANNER_STATUS=NOT_EXECUTED_ENVIRONMENT_UNAVAILABLE
FIREFOX_STATUS=NOT_EXECUTED_ENVIRONMENT_UNAVAILABLE
CAMOUFOX_STATUS=NOT_EXECUTED_ENVIRONMENT_UNAVAILABLE
SYSTEMVAULT_NATIVE_STATUS=NOT_EXECUTED_ENVIRONMENT_UNAVAILABLE
DOCKER_NEW_CYCLE_STATUS=NOT_EXECUTED_ENVIRONMENT_UNAVAILABLE_SPACE_AND_DAEMON_STOPPED
