UTC=
2026-08-27T16:14:13Z
CWD=
/home/ubuntu
COMMAND=df -h /home/ubuntu
Filesystem      Size  Used Avail Use% Mounted on
/dev/root        48G   44G  3.8G  93% /
COMMAND=sudo systemctl is-active docker
inactive
EXIT_CODE=3
COMMAND=test -S /var/run/docker.sock
EXIT_CODE=1
COMMAND=docker info
Client:
 Version:    29.1.3
 Context:    default
 Debug Mode: false
 Plugins:
  buildx: Docker Buildx (Docker Inc.)
    Version:  0.30.1
    Path:     /usr/libexec/docker/cli-plugins/docker-buildx
  trust: Manage trust on Docker images (Docker Inc.)
    Version:  29.1.3
    Path:     /usr/libexec/docker/cli-plugins/docker-trust

Server:
failed to connect to the docker API at unix:///var/run/docker.sock; check if the path is correct and if the daemon is running: dial unix /var/run/docker.sock: connect: no such file or directory
EXIT_CODE=1
DECISION=DOCKER_BRIDGE_BUILD_BLOCKED_BY_ENVIRONMENT_SPACE_AND_DAEMON_STOPPED
NO_DAEMON_START=TRUE
