=== DATE_UTC ===
2026-08-26T23:39:10Z
=== DISK_BEFORE ===
Filesystem      Size  Used Avail Use% Mounted on
/dev/root        48G   25G   23G  53% /
/dev/root      50976727040 26620477440 24339472384  53% /
=== PRIVILEGES ===
uid=1000(ubuntu) gid=1000(ubuntu) groups=1000(ubuntu),4(adm),20(dialout),24(cdrom),25(floppy),27(sudo),29(audio),30(dip),44(video),46(plugdev)
sudo: a password is required
SUDO_VALIDATE_EXIT=1
=== ENGINE_INSTALL_ATTEMPT ===
Reading package lists...
Building dependency tree...
Reading state information...
The following additional packages will be installed:
  apparmor bridge-utils containerd dns-root-data dnsmasq-base libnftables1
  netcat-openbsd pigz runc ubuntu-fan
Suggested packages:
  apparmor-profiles-extra apparmor-utils ifupdown aufs-tools btrfs-progs
  cgroupfs-mount | cgroup-lite debootstrap docker-buildx docker-compose-v2
  docker-doc rinse zfs-fuse | zfsutils
The following NEW packages will be installed:
  apparmor bridge-utils containerd dns-root-data dnsmasq-base docker.io
  libnftables1 netcat-openbsd pigz runc ubuntu-fan
0 upgraded, 11 newly installed, 0 to remove and 47 not upgraded.
Need to get 74.8 MB of archives.
After this operation, 283 MB of additional disk space will be used.
Get:1 http://archive.ubuntu.com/ubuntu noble/universe amd64 pigz amd64 2.8-1 [65.6 kB]
Get:2 http://archive.ubuntu.com/ubuntu noble/main amd64 netcat-openbsd amd64 1.226-1ubuntu2 [44.3 kB]
Get:3 http://archive.ubuntu.com/ubuntu noble-updates/main amd64 apparmor amd64 4.0.1really4.0.1-0ubuntu0.24.04.7 [640 kB]
Get:4 http://archive.ubuntu.com/ubuntu noble-updates/main amd64 libnftables1 amd64 1.0.9-1ubuntu0.1 [359 kB]
Get:5 http://archive.ubuntu.com/ubuntu noble/main amd64 bridge-utils amd64 1.7.1-1ubuntu2 [33.9 kB]
Get:6 http://archive.ubuntu.com/ubuntu noble-updates/main amd64 runc amd64 1.3.4-0ubuntu1~24.04.1 [9574 kB]
Get:7 http://archive.ubuntu.com/ubuntu noble-updates/main amd64 containerd amd64 2.2.1-0ubuntu1~24.04.3 [28.1 MB]
Get:8 http://archive.ubuntu.com/ubuntu noble-updates/main amd64 dns-root-data all 2024071801~ubuntu0.24.04.1 [5918 B]
Get:9 http://archive.ubuntu.com/ubuntu noble-updates/main amd64 dnsmasq-base amd64 2.90-2ubuntu0.4 [376 kB]
Get:10 http://archive.ubuntu.com/ubuntu noble-updates/universe amd64 docker.io amd64 29.1.3-0ubuntu3~24.04.2 [35.6 MB]
Get:11 http://archive.ubuntu.com/ubuntu noble-updates/universe amd64 ubuntu-fan all 0.12.16+24.04.1 [34.2 kB]
debconf: delaying package configuration, since apt-utils is not installed
Fetched 74.8 MB in 1s (75.7 MB/s)
Selecting previously unselected package pigz.
(Reading database ...
(Reading database ... 5%
(Reading database ... 10%
(Reading database ... 15%
(Reading database ... 20%
(Reading database ... 25%
(Reading database ... 30%
(Reading database ... 35%
(Reading database ... 40%
(Reading database ... 45%
(Reading database ... 50%
(Reading database ... 55%
(Reading database ... 60%
(Reading database ... 65%
(Reading database ... 70%
(Reading database ... 75%
(Reading database ... 80%
(Reading database ... 85%
(Reading database ... 90%
(Reading database ... 95%
(Reading database ... 100%
(Reading database ... 53434 files and directories currently installed.)
Preparing to unpack .../00-pigz_2.8-1_amd64.deb ...
Unpacking pigz (2.8-1) ...
Selecting previously unselected package netcat-openbsd.
Preparing to unpack .../01-netcat-openbsd_1.226-1ubuntu2_amd64.deb ...
Unpacking netcat-openbsd (1.226-1ubuntu2) ...
Selecting previously unselected package apparmor.
Preparing to unpack .../02-apparmor_4.0.1really4.0.1-0ubuntu0.24.04.7_amd64.deb ...
Unpacking apparmor (4.0.1really4.0.1-0ubuntu0.24.04.7) ...
Selecting previously unselected package libnftables1:amd64.
Preparing to unpack .../03-libnftables1_1.0.9-1ubuntu0.1_amd64.deb ...
Unpacking libnftables1:amd64 (1.0.9-1ubuntu0.1) ...
Selecting previously unselected package bridge-utils.
Preparing to unpack .../04-bridge-utils_1.7.1-1ubuntu2_amd64.deb ...
Unpacking bridge-utils (1.7.1-1ubuntu2) ...
Selecting previously unselected package runc.
Preparing to unpack .../05-runc_1.3.4-0ubuntu1~24.04.1_amd64.deb ...
Unpacking runc (1.3.4-0ubuntu1~24.04.1) ...
Selecting previously unselected package containerd.
Preparing to unpack .../06-containerd_2.2.1-0ubuntu1~24.04.3_amd64.deb ...
Unpacking containerd (2.2.1-0ubuntu1~24.04.3) ...
Selecting previously unselected package dns-root-data.
Preparing to unpack .../07-dns-root-data_2024071801~ubuntu0.24.04.1_all.deb ...
Unpacking dns-root-data (2024071801~ubuntu0.24.04.1) ...
Selecting previously unselected package dnsmasq-base.
Preparing to unpack .../08-dnsmasq-base_2.90-2ubuntu0.4_amd64.deb ...
Unpacking dnsmasq-base (2.90-2ubuntu0.4) ...
Selecting previously unselected package docker.io.
Preparing to unpack .../09-docker.io_29.1.3-0ubuntu3~24.04.2_amd64.deb ...
Unpacking docker.io (29.1.3-0ubuntu3~24.04.2) ...
Selecting previously unselected package ubuntu-fan.
Preparing to unpack .../10-ubuntu-fan_0.12.16+24.04.1_all.deb ...
Unpacking ubuntu-fan (0.12.16+24.04.1) ...
Setting up libnftables1:amd64 (1.0.9-1ubuntu0.1) ...
Setting up netcat-openbsd (1.226-1ubuntu2) ...
update-alternatives: using /bin/nc.openbsd to provide /bin/nc (nc) in auto mode
update-alternatives: warning: skip creation of /usr/share/man/man1/nc.1.gz because associated file /usr/share/man/man1/nc_openbsd.1.gz (of link group nc) doesn't exist
update-alternatives: warning: skip creation of /usr/share/man/man1/netcat.1.gz because associated file /usr/share/man/man1/nc_openbsd.1.gz (of link group nc) doesn't exist
Setting up dnsmasq-base (2.90-2ubuntu0.4) ...
Setting up runc (1.3.4-0ubuntu1~24.04.1) ...
Setting up dns-root-data (2024071801~ubuntu0.24.04.1) ...
Setting up apparmor (4.0.1really4.0.1-0ubuntu0.24.04.7) ...
debconf: unable to initialize frontend: Dialog
debconf: (No usable dialog-like program is installed, so the dialog based frontend cannot be used. at /usr/share/perl5/Debconf/FrontEnd/Dialog.pm line 79.)
debconf: falling back to frontend: Readline
Created symlink /etc/systemd/system/sysinit.target.wants/apparmor.service → /usr/lib/systemd/system/apparmor.service.
Setting up bridge-utils (1.7.1-1ubuntu2) ...
debconf: unable to initialize frontend: Dialog
debconf: (No usable dialog-like program is installed, so the dialog based frontend cannot be used. at /usr/share/perl5/Debconf/FrontEnd/Dialog.pm line 79.)
debconf: falling back to frontend: Readline
Setting up pigz (2.8-1) ...
Setting up containerd (2.2.1-0ubuntu1~24.04.3) ...
Created symlink /etc/systemd/system/multi-user.target.wants/containerd.service → /usr/lib/systemd/system/containerd.service.
/usr/sbin/policy-rc.d returned 101, not running 'start containerd.service'
Setting up ubuntu-fan (0.12.16+24.04.1) ...
Created symlink /etc/systemd/system/multi-user.target.wants/ubuntu-fan.service → /usr/lib/systemd/system/ubuntu-fan.service.
invoke-rc.d: policy-rc.d denied execution of start.
Setting up docker.io (29.1.3-0ubuntu3~24.04.2) ...
debconf: unable to initialize frontend: Dialog
debconf: (No usable dialog-like program is installed, so the dialog based frontend cannot be used. at /usr/share/perl5/Debconf/FrontEnd/Dialog.pm line 79.)
debconf: falling back to frontend: Readline
info: Selecting GID from range 100 to 999 ...
info: Adding group `docker' (GID 106) ...
Created symlink /etc/systemd/system/multi-user.target.wants/docker.service → /usr/lib/systemd/system/docker.service.
Created symlink /etc/systemd/system/sockets.target.wants/docker.socket → /usr/lib/systemd/system/docker.socket.
invoke-rc.d: policy-rc.d denied execution of start.
Processing triggers for libc-bin (2.39-0ubuntu8.8) ...
Processing triggers for dbus (1.14.10-4ubuntu4.1) ...
ENGINE_INSTALL_EXIT=0
=== POSTCHECK_COMMANDS ===
/usr/bin/docker
DOCKER_PATH_EXIT=0
/usr/bin/dockerd
DOCKERD_PATH_EXIT=0
=== DISK_AFTER ===
Filesystem      Size  Used Avail Use% Mounted on
/dev/root        48G   26G   23G  53% /
/dev/root      50976727040 26977710080 23982239744  53% /
