=== DATE_UTC ===
2026-08-26T23:45:01Z
=== DISK ===
Filesystem      Size  Used Avail Use% Mounted on
/dev/root        48G   26G   23G  53% /
/dev/root      50976727040 26977767424 23982182400  53% /
=== DOCKER_VERSION ===
Client:
 Version:           29.1.3
 API version:       1.52
 Go version:        go1.24.4
 Git commit:        29.1.3-0ubuntu3~24.04.2
 Built:             Wed Apr 29 16:41:06 2026
 OS/Arch:           linux/amd64
 Context:           default
failed to connect to the docker API at unix:///var/run/docker.sock; check if the path is correct and if the daemon is running: dial unix /var/run/docker.sock: connect: no such file or directory
EXIT_CODE=1
=== DOCKER_INFO ===
Client:
 Version:    29.1.3
 Context:    default
 Debug Mode: false
 Plugins:
  trust: Manage trust on Docker images (Docker Inc.)
    Version:  29.1.3
    Path:     /usr/libexec/docker/cli-plugins/docker-trust

Server:
failed to connect to the docker API at unix:///var/run/docker.sock; check if the path is correct and if the daemon is running: dial unix /var/run/docker.sock: connect: no such file or directory
EXIT_CODE=1
=== DOCKER_BUILDX_VERSION ===
docker: unknown command: docker buildx

Run 'docker --help' for more information
EXIT_CODE=1
=== DOCKER_CONTEXT_LS ===
NAME        DESCRIPTION                               DOCKER ENDPOINT               ERROR
default *   Current DOCKER_HOST based configuration   unix:///var/run/docker.sock
EXIT_CODE=0
=== SERVICES ===
inactive
DOCKER_ACTIVE_EXIT=3
enabled
DOCKER_ENABLED_EXIT=0
inactive
CONTAINERD_ACTIVE_EXIT=3
=== SOCKET ===
ls: cannot access '/run/docker.sock': No such file or directory
ls: cannot access '/var/run/docker.sock': No such file or directory
SOCKET_EXIT=2
