=== DATE_UTC ===
2026-08-26T23:56:07Z
=== DOCKER_VERSION ===
Client:
 Version:           29.1.3
 API version:       1.52
 Go version:        go1.24.4
 Git commit:        29.1.3-0ubuntu3~24.04.2
 Built:             Wed Apr 29 16:41:06 2026
 OS/Arch:           linux/amd64
 Context:           default
permission denied while trying to connect to the docker API at unix:///var/run/docker.sock
EXIT_CODE=1
=== DOCKER_BUILDX_VERSION ===
github.com/docker/buildx 0.30.1 0.30.1-0ubuntu1~24.04.1
EXIT_CODE=0
=== DOCKER_INFO_DIRECT ===
Client:
 Version:    29.1.3
 Context:    default
 Debug Mode: false
 Plugins:
  buildx: Docker Buildx (Docker Inc.)
    Version:  0.30.1
    Path:     /usr/libexec/docker/cli-plugins/docker-buildx
  trust: Manage trust on Docker images (Docker Inc.)
    Version:  29.1.3
    Path:     /usr/libexec/docker/cli-plugins/docker-trust

Server:
permission denied while trying to connect to the docker API at unix:///var/run/docker.sock
EXIT_CODE=1
=== DOCKER_INFO_SUDO ===
Client:
 Version:    29.1.3
 Context:    default
 Debug Mode: false
 Plugins:
  buildx: Docker Buildx (Docker Inc.)
    Version:  0.30.1
    Path:     /usr/libexec/docker/cli-plugins/docker-buildx
  trust: Manage trust on Docker images (Docker Inc.)
    Version:  29.1.3
    Path:     /usr/libexec/docker/cli-plugins/docker-trust

Server:
 Containers: 0
  Running: 0
  Paused: 0
  Stopped: 0
 Images: 0
 Server Version: 29.1.3
 Storage Driver: overlayfs
  driver-type: io.containerd.snapshotter.v1
 Logging Driver: json-file
 Cgroup Driver: systemd
 Cgroup Version: 2
 Plugins:
  Volume: local
  Network: bridge host ipvlan macvlan null overlay
  Log: awslogs fluentd gcplogs gelf journald json-file local splunk syslog
 CDI spec directories:
  /etc/cdi
  /var/run/cdi
 Swarm: inactive
 Runtimes: io.containerd.runc.v2 runc
 Default Runtime: runc
 Init Binary: docker-init
 containerd version:
 runc version:
 init version:
 Security Options:
  seccomp
   Profile: builtin
  cgroupns
 Kernel Version: 6.18.38+
 Operating System: Ubuntu 24.04.4 LTS
 OSType: linux
 Architecture: x86_64
 CPUs: 6
 Total Memory: 23.85GiB
 Name: db71298c03d4
 ID: 38641f53-4095-4266-91ce-ee63e6296ce4
 Docker Root Dir: /var/lib/docker
 Debug Mode: false
 Experimental: false
 Insecure Registries:
  ::1/128
  127.0.0.0/8
 Live Restore Enabled: false
 Firewall Backend: iptables

EXIT_CODE=0
=== SUDO_ALLOWED_COMMANDS ===
Matching Defaults entries for ubuntu on db71298c03d4:
    env_reset, mail_badpass,
    secure_path=/usr/local/sbin\:/usr/local/bin\:/usr/sbin\:/usr/bin\:/sbin\:/bin\:/snap/bin,
    use_pty, env_keep+="UV_BREAK_SYSTEM_PACKAGES PIP_BREAK_SYSTEM_PACKAGES"

User ubuntu may run the following commands on db71298c03d4:
    (ALL : ALL) ALL
    (ALL) NOPASSWD: ALL
EXIT_CODE=0
=== GROUPS ===
uid=1000(ubuntu) gid=1000(ubuntu) groups=1000(ubuntu),4(adm),20(dialout),24(cdrom),25(floppy),27(sudo),29(audio),30(dip),44(video),46(plugdev)
docker:x:106:
=== SOCKET ===
srw-rw---- root docker 660 /run/docker.sock
