=== DATE_UTC ===
2026-08-26T23:47:30Z
=== BUILDX_PACKAGES ===
docker-buildx:
  Installed: (none)
  Candidate: 0.30.1-0ubuntu1~24.04.1
  Version table:
     0.30.1-0ubuntu1~24.04.1 500
        500 http://archive.ubuntu.com/ubuntu noble-updates/universe amd64 Packages
     0.20.1-0ubuntu1~24.04.2 500
        500 http://security.ubuntu.com/ubuntu noble-security/universe amd64 Packages
     0.12.1-0ubuntu2 500
        500 http://archive.ubuntu.com/ubuntu noble/universe amd64 Packages
docker-buildx - Docker CLI plugin for extended build capabilities with BuildKit
=== DOCKER_SERVICE_STATUS_BEFORE ===
○ docker.service - Docker Application Container Engine
     Loaded: loaded (/usr/lib/systemd/system/docker.service; enabled; preset: enabled)
     Active: inactive (dead)
TriggeredBy: ○ docker.socket
       Docs: https://docs.docker.com
STATUS_EXIT=3
=== DOCKER_START_ATTEMPT ===
START_EXIT=0
=== CONTAINERD_START_ATTEMPT ===
CONTAINERD_START_EXIT=0
=== DOCKER_SERVICE_STATUS_AFTER ===
active
DOCKER_ACTIVE_EXIT=0
● docker.service - Docker Application Container Engine
     Loaded: loaded (/usr/lib/systemd/system/docker.service; enabled; preset: enabled)
     Active: active (running) since Wed 2026-08-26 23:47:31 UTC; 25ms ago
TriggeredBy: ● docker.socket
       Docs: https://docs.docker.com
   Main PID: 25164 (dockerd)
      Tasks: 12
     Memory: 107.8M (peak: 109.1M)
        CPU: 286ms
     CGroup: /system.slice/docker.service
             └─25164 /usr/bin/dockerd -H fd:// --containerd=/run/containerd/containerd.sock

Aug 26 23:47:31 db71298c03d4 dockerd[25164]: time="2026-08-26T23:47:31.626703554Z" level=info msg="Restoring containers: start."
Aug 26 23:47:31 db71298c03d4 dockerd[25164]: time="2026-08-26T23:47:31.630853813Z" level=info msg="Deleting nftables IPv4 rules" error="exec: \"nft\": executable file not found in $PATH"
Aug 26 23:47:31 db71298c03d4 dockerd[25164]: time="2026-08-26T23:47:31.630891138Z" level=info msg="Deleting nftables IPv6 rules" error="exec: \"nft\": executable file not found in $PATH"
Aug 26 23:47:31 db71298c03d4 dockerd[25164]: time="2026-08-26T23:47:31.796696276Z" level=info msg="Loading containers: done."
Aug 26 23:47:31 db71298c03d4 dockerd[25164]: time="2026-08-26T23:47:31.809368364Z" level=info msg="Docker daemon" commit="29.1.3-0ubuntu3~24.04.2" containerd-snapshotter=true storage-driver=overlayfs version=29.1.3
Aug 26 23:47:31 db71298c03d4 dockerd[25164]: time="2026-08-26T23:47:31.809536487Z" level=info msg="Initializing buildkit"
Aug 26 23:47:31 db71298c03d4 dockerd[25164]: time="2026-08-26T23:47:31.822492908Z" level=info msg="Completed buildkit initialization"
Aug 26 23:47:31 db71298c03d4 dockerd[25164]: time="2026-08-26T23:47:31.827195751Z" level=info msg="Daemon has completed initialization"
Aug 26 23:47:31 db71298c03d4 dockerd[25164]: time="2026-08-26T23:47:31.827286521Z" level=info msg="API listen on /run/docker.sock"
Aug 26 23:47:31 db71298c03d4 systemd[1]: Started docker.service - Docker Application Container Engine.
STATUS_AFTER_EXIT=0
=== DOCKER_INFO_AFTER_START ===
Client:
 Version:    29.1.3
 Context:    default
 Debug Mode: false
 Plugins:
  trust: Manage trust on Docker images (Docker Inc.)
    Version:  29.1.3
    Path:     /usr/libexec/docker/cli-plugins/docker-trust

Server:
permission denied while trying to connect to the docker API at unix:///var/run/docker.sock
INFO_EXIT=1
=== DOCKER_BUILDX_AFTER_START ===
docker: unknown command: docker buildx

Run 'docker --help' for more information
BUILDX_EXIT=1
