=== DATE_UTC ===
2026-08-27T00:27:47Z
=== STOP_SERVICES ===
DOCKER_SOCKET_STOP_EXIT=0
DOCKER_STOP_EXIT=0
CONTAINERD_STOP_EXIT=0
=== DISABLE_SERVICES ===
Removed "/etc/systemd/system/multi-user.target.wants/containerd.service".
Removed "/etc/systemd/system/multi-user.target.wants/docker.service".
Removed "/etc/systemd/system/sockets.target.wants/docker.socket".
DISABLE_EXIT=0
=== FINAL_SERVICES ===
inactive
DOCKER_ACTIVE_EXIT=3
inactive
DOCKER_SOCKET_ACTIVE_EXIT=3
inactive
CONTAINERD_ACTIVE_EXIT=3
=== FINAL_SOCKET ===
srw-rw---- 1 root docker 0 Aug 26 23:47 /run/docker.sock
srw-rw---- 1 root docker 0 Aug 26 23:47 /var/run/docker.sock
SOCKET_EXIT=0
=== FINAL_CONTAINERS ===
Cannot connect to the Docker daemon at unix:///var/run/docker.sock. Is the docker daemon running?
CONTAINERS_EXIT=1
=== FINAL_IMAGES ===
Cannot connect to the Docker daemon at unix:///var/run/docker.sock. Is the docker daemon running?
IMAGES_EXIT=1
=== FINAL_PROCESSES ===
PROCESSES_EXIT=1
=== DISK ===
Filesystem      Size  Used Avail Use% Mounted on
/dev/root        48G   29G   19G  61% /
/dev/root      50976727040 30730874880 20229074944  61% /
=== DATE_UTC ===
2026-08-27T00:27:54Z
=== REMOVE_STALE_SOCKET ===
REMOVE_SOCKET_EXIT=0
=== FINAL_SERVICES ===
inactive
DOCKER_ACTIVE_EXIT=3
inactive
DOCKER_SOCKET_ACTIVE_EXIT=3
inactive
CONTAINERD_ACTIVE_EXIT=3
=== FINAL_SOCKET ===
ls: cannot access '/run/docker.sock': No such file or directory
ls: cannot access '/var/run/docker.sock': No such file or directory
SOCKET_EXIT=2
=== FINAL_DOCKER_INFO ===
Client:
 Version:    29.1.3
 Context:    default
 Debug Mode: false
 Plugins:
  buildx: Docker Buildx (Docker Inc.)
    Version:  0.30.1
    Path:     /usr/libexec/docker/cli-plugins/docker-buildx
  trust: Manage trust on Docker images (Docker Inc.)
    Version:  29.1.3
    Path:     /usr/libexec/docker/cli-plugins/docker-trust

Server:
failed to connect to the docker API at unix:///var/run/docker.sock; check if the path is correct and if the daemon is running: dial unix /var/run/docker.sock: connect: no such file or directory
DOCKER_INFO_EXIT=1
=== FINAL_PROCESSES ===
PROCESSES_EXIT=1
=== DISK ===
Filesystem      Size  Used Avail Use% Mounted on
/dev/root        48G   29G   19G  61% /
/dev/root      50976727040 30730883072 20229066752  61% /
