=== DATE_UTC ===
2026-08-26T23:38:34Z
=== APT_POLICY ===
docker.io:
  Installed: (none)
  Candidate: 29.1.3-0ubuntu3~24.04.2
  Version table:
     29.1.3-0ubuntu3~24.04.2 500
        500 http://archive.ubuntu.com/ubuntu noble-updates/universe amd64 Packages
        500 http://security.ubuntu.com/ubuntu noble-security/universe amd64 Packages
     24.0.7-0ubuntu4 500
        500 http://archive.ubuntu.com/ubuntu noble/universe amd64 Packages
docker-ce:
  Installed: (none)
  Candidate: (none)
  Version table:
docker-ce-cli:
  Installed: (none)
  Candidate: (none)
  Version table:
=== ROOTLESS_PREREQUISITES ===
=1
=1
=1
=1
=1
=1
/usr/sbin/iptables
=0
=1
=== USER_MAPPINGS ===
/etc/subuid:ubuntu:100000:65536
/etc/subgid:ubuntu:100000:65536
mapping_exit=0
=== FILESYSTEM_MOUNTS ===
TARGET SOURCE   FSTYPE OPTIONS
/      /dev/vda ext4   rw,noatime
=== SUDO_INSTALL_NOOP ===
Reading package lists...
Building dependency tree...
Reading state information...
E: Unable to locate package docker-buildx-plugin
EXIT_CODE=100
