=== DATE_UTC ===
2026-08-27T00:14:59Z
=== IMAGE ===
forgelocal-secret-remediation:controlled-hostnet-20260826
=== SYFT_VERSION ===
Application:   syft
Version:       1.51.0
BuildDate:     2026-08-10T14:48:50Z
GitCommit:     2293641e3bd628a01bb37639318d62c0ebe89b39
GitDescription: v1.51.0
Platform:      linux/amd64
GoVersion:     go1.26.3
Compiler:      gc
SchemaVersion: 16.1.10
=== GRYPE_VERSION ===
Application:         grype
Version:             0.117.0
BuildDate:           2026-08-10T16:48:30Z
GitCommit:           b5fa92bbcbef655497e3be840a2f718380e2cdd3
GitDescription:      v0.117.0
Platform:            linux/amd64
GoVersion:           go1.26.3
Compiler:            gc
Syft Version:        v1.51.0
Supported DB Schema: 6
=== SYFT_IMAGE_CYCLONEDX ===
SYFT_EXIT=0
=== GRYPE_SBOM_JSON ===
GRYPE_EXIT=0
=== SBOM_METADATA ===
SBOM_BYTES=5801674
SBOM_STAT_EXIT=0
=== GRYPE_STDERR_TAIL ===
[0;90m[0000][0m [0;33m WARN[0m go binary packages were found but none carry function symbols; go vulnerability matching falls back to module granularity and may report false positives. if scanning an SBOM, regenerate it with symbol capture enabled for more precise results.
