UTC=2026-08-26T04:05:44Z
CWD=/home/ubuntu/forgelocal_self_validation_v6/operational_validation_v1/repo
REMOTE_HEAD=c7177b5677bfd5f6f1b0a5517ffe96dfa61c1300
PUBLIC_CLONE=PASS
CHECKOUT_NO_LFS=PASS
HEAD_MATCH=PASS
FSCK_EXIT_CODE=0
ZIP_SIDECAR=PASS
TAR_SIDECAR=PASS
ZIP_TEST=PASS
ZIP_EXTRACTION=PASS
TAR_EXTRACTION=PASS
ZIP_INTERNAL_HASHES=PASS
TAR_INTERNAL_HASHES=PASS
BUNDLE_SIDECAR=PASS
BUNDLE_VERIFY=PASS
GITLEAKS_EXTRACTION=PASS
PACKAGE_SOURCE_HEAD=63a6175a71faf73d2071cbf80c38d5d264885e10
PUBLIC_VERIFICATION_HEAD=c7177b5677bfd5f6f1b0a5517ffe96dfa61c1300
NOTE=This verification was performed after package publication; package contents remain sourced from 63a6175.
PUBLIC_R3_VERIFICATION=PASS

--- bundle ---
The bundle contains this ref:
63a6175a71faf73d2071cbf80c38d5d264885e10 HEAD
The bundle requires this ref:
e9ad9d41afd2c80505d312efcac9f2c4e961abc7 
The bundle uses this hash algorithm: sha1

--- gitleaks ---
[90m4:05AM[0m [1m[31mERR[0m[0m [git] fatal: not a git repository (or any of the parent directories): .git
[90m4:05AM[0m [1m[31mERR[0m[0m  [36merror=[0m[31m"stderr is not empty"[0m
[90m4:05AM[0m [32mINF[0m scan completed in 3.77ms
[90m4:05AM[0m [32mINF[0m no leaks found
