=== DATE_UTC ===
2026-08-26T20:12:46+00:00
=== CWD ===
/home/ubuntu/forgelocal-final-secret-remediation/repo
=== DISK ===
Filesystem      Size  Used Avail Use% Mounted on
/dev/root        48G   17G   31G  35% /
=== HEAD ===
1d0fe24da0edbddc5eab30d971628df8fe5a92d3
=== HEAD_SUBJECT ===
1d0fe24 evidence: finalize public closure report
=== REMOTES ===
origin	https://github.com/davidwilsonbest89-afk/forgelocal-public-sanitized.git (fetch)
origin	https://github.com/davidwilsonbest89-afk/forgelocal-public-sanitized.git (push)
=== BRANCHES ===
  validation/final-environment-qualification
* validation/final-secret-remediation
  remotes/origin/validation/final-environment-qualification
=== STATUS ===
## [32mvalidation/final-secret-remediation[m
 [31mM[m docker/entrypoint.sh
[32mD[m  launch.test
 [31mM[m scripts/start.sh
[31m??[m scripts/test-entrypoint-token-redaction.sh
=== TOOL_VERSIONS ===
GNU bash, version 5.2.21(1)-release (x86_64-pc-linux-gnu)
ShellCheck - shell script analysis tool
version: 0.9.0
license: GNU General Public License, version 3
v22.13.0
11.20.0
8.30.1
Version: 0.74.0
Vulnerability DB:
  Version: 2
  UpdatedAt: 2026-08-26 13:02:19.845522405 +0000 UTC
  NextUpdate: 2026-08-27 13:02:19.845522164 +0000 UTC
  DownloadedAt: 2026-08-26 19:59:46.095522406 +0000 UTC
Check Bundle:
  Digest: sha256:1583562f8b90ed2a071b99f0e5ffff6b57e4ceb6ca3e4796577b4e6a339eb74c
  DownloadedAt: 2026-08-26 19:59:46.974472653 +0000 UTC
go version go1.26.7 linux/amd64
gcc (Ubuntu 13.3.0-6ubuntu2~24.04.1) 13.3.0
git version 2.43.0
