PUBLIC_VERIFICATION_LOG=FINAL_SECRET_REMEDIATION
VERIFIED_AT_UTC=2026-08-27T00:31:53Z
REPOSITORY=https://github.com/davidwilsonbest89-afk/forgelocal-public-sanitized.git
BRANCH=validation/final-secret-remediation
EVIDENCE_COMMIT=6ca32e9fc29d24cf6e7d70f2b29daec20f7f8efd
PACKAGE_COMMIT=d05be1aa617010e102d251b8d0ae55f647c8f997
PUBLIC_HEAD_VERIFIED_BEFORE_LOG_COMMIT=d05be1aa617010e102d251b8d0ae55f647c8f997
PUBLIC_REMOTE_HEAD_VERIFIED_BEFORE_LOG_COMMIT=d05be1aa617010e102d251b8d0ae55f647c8f997
FRESH_CLONE=PASS
EXPLICIT_CHECKOUT=PASS
FRESH_CLONE_FSCK_FULL=PASS
RUNTIME_TOKEN_LOG_PATTERNS=ABSENT
WORKTREE_CLEAN=PASS

DOCKER_ENGINE_INSTALL=PASS
DOCKER_ENGINE_VERSION=29.1.3
DOCKER_BUILDX_INSTALL=PASS
DOCKER_BUILDX_VERSION=0.30.1
DOCKER_INFO_REAL_DAEMON=PASS
DOCKER_INFO_ACCESS=PASS_VIA_SUDO
DOCKER_USER_GROUP_UNCHANGED=TRUE
DOCKER_BUILD_BRIDGE=FAIL_CONTROLLED
DOCKER_BUILD_BRIDGE_ERROR=iptables_raw_table_unavailable
DOCKER_BUILD_HOST_NETWORK=PASS
DOCKER_IMAGE_PUSHED=FALSE
DOCKER_CYCLE=PASS
DOCKER_HISTORY_SENTINEL=ABSENT
DOCKER_LAYERS_SENTINEL=ABSENT
DOCKER_LOG_SENTINEL=ABSENT
DOCKER_STDOUT_STDERR_SENTINEL=ABSENT
DOCKER_TOKEN_FILE=PASS
DOCKER_TOKEN_FILE_MODE=0600
DOCKER_ABSENT_TOKEN_OUTPUT=ABSENT
DOCKER_INVALID_TOKEN_OUTPUT=ABSENT
DOCKER_CONTAINER_CLEANUP=PASS
DOCKER_PROCESS_CLEANUP=PASS
DOCKER_IMAGE_CLEANUP=PASS
DOCKER_BUILDER_CACHE_CLEANUP=PASS
DOCKER_SERVICE_STOPPED=PASS
DOCKER_SOCKET_REMOVED=PASS
DOCKER_SERVICES_DISABLED=PASS

SYFT_VERSION=1.51.0
SYFT_CHECKSUM_VERIFICATION=PASS
SYFT_IMAGE_SBOM=PASS
SYFT_SBOM_BYTES=5801674
GRYPE_VERSION=0.117.0
GRYPE_CHECKSUM_VERIFICATION=PASS
GRYPE_SBOM_SCAN=PASS_WITH_OPEN_MATCHES
GRYPE_MATCHES=379
TRIVY_IMAGE_SCAN=PASS_WITH_OPEN_FINDING
TRIVY_IMAGE_VULNERABILITIES=123
TRIVY_IMAGE_SECRETS=1
TRIVY_IMAGE_MISCONFIGURATIONS=0
TRIVY_IMAGE_SECRET_CLASSIFICATION=UBUNTU_SNAKEOIL_PRIVATE_KEY_NOT_FORGELOCAL_TOKEN

ZIP_NAME=forgelocal-secret-remediation-evidence.zip
ZIP_SHA256=f4ee6c39100c97d2db48200653e85755c250dd666eda9824cc5842130a71b356
TAR_NAME=forgelocal-secret-remediation-evidence.tar
TAR_SHA256=9b3b671252c36b818fe20b635ac75b9de0be294094fc91c4eadc7f8313f83d8f
BUNDLE_NAME=forgelocal-secret-remediation-evidence.bundle
BUNDLE_SHA256=f6f30837af1cc53245d8859e80d028f44028df7ec529b17f880ab6c7b4b96599
PACKAGE_ZIP_SHA256=PASS
PACKAGE_TAR_SHA256=PASS
PACKAGE_BUNDLE_SHA256=PASS
ZIP_FRESH_EXTRACTION=PASS
TAR_FRESH_EXTRACTION=PASS
INTERNAL_MANIFEST_NON_SELF_REFERENTIAL=PASS
GIT_BUNDLE_VERIFY=PASS
SOURCE_GIT_FSCK_FULL=PASS

DOCKER_RUNTIME_VALIDATION_PENDING=FALSE
DOCKER_BUILD_RUN_LOG_LAYERS_NOT_EXECUTED=FALSE
SYFT_SBOM_STATUS=PASS
GRYPE_SBOM_STATUS=PASS_WITH_OPEN_MATCHES
FIREFOX_CAMOUFOX_NATIVE_STATUS=NOT_EXECUTED_ENVIRONMENT_UNAVAILABLE
SYSTEMVAULT_NATIVE_STATUS=NATIVE_SYSTEMVAULT_NOT_TESTED
WINDOWS_MACOS_NATIVE_STATUS=BLOCKED_ENVIRONMENT_REQUIRED
R7_V2_HISTORICAL_STATUS=INHERITED_FROM_R7

VERDICT=GOSEC_R7_BLOCKED_CRITICAL_FINDING
PUBLIC_RELEASE=PUBLIC_RELEASE_BLOCKED
CLASSIFICATION=GOSEC_R7_CLASSIFIED_WITH_OPEN_FINDINGS
FORGELOCAL_PRODUCTION_READY=false
