GOSEC-R4 PUBLIC VERIFICATION CORRECTED COMPANION
UTC=2026-08-26T11:40:20Z
REMOTE=https://github.com/davidwilsonbest89-afk/forgelocal-public-sanitized.git
BRANCH=validation/gosec-r4

INITIAL_ATTEMPT_STATUS=FAILED_BEFORE_REPOSITORY_CHECKS
INITIAL_ATTEMPT_FAILURE=TLS/RPC clone failure (curl 56, early EOF, invalid index-pack)
INITIAL_RAW=PRESERVED in PUBLIC_R4_VERIFICATION_RAW.log

RETRY_METHOD=GIT_LFS_SKIP_SMUDGE=1 git -c http.version=HTTP/1.1 clone --depth=1 --filter=blob:none --no-tags --branch validation/gosec-r4 --single-branch
RETRY_CLONE_EXIT_CODE=0
RETRY_CHECKOUT_EXIT_CODE=0
CLONE_HEAD=6c949a7c093f7f59ebedc79c084b53389cd649c7
REMOTE_HEAD=6c949a7c093f7f59ebedc79c084b53389cd649c7
HEAD_EQUALITY=PASS
GIT_LFS_SKIP_SMUDGE=clone_and_checkout
GIT_FSCK_FULL_EXIT_CODE=0
R3_BRANCH_REMOTE_HEAD=80048180d4ec5241c08146ade698d53a3f29454d
R3_BRANCH_PRESERVED=PASS

ZIP_SIDECAR_EXIT_CODE=0
TAR_SIDECAR_EXIT_CODE=0
BUNDLE_VERIFY_EXIT_CODE=0
BUNDLE_BASE_REQUIRED=80048180d4ec5241c08146ade698d53a3f29454d
BUNDLE_HEAD=75edd5480a1d283046b54445c150f0a220e07d66
UNZIP_EXTRACT_EXIT_CODE=0
TAR_EXTRACT_EXIT_CODE=0
ZIP_INTERNAL_HASH_EXIT_CODE=0
TAR_INTERNAL_HASH_EXIT_CODE=0
ZIP_TEST_EXIT_CODE=0
TAR_TEST_EXIT_CODE=0

PACKAGE_SOURCE_HEAD=3cd3ac0fb9eb684e61eafb8746c69dda9781df64
PACKAGE_EVIDENCE_HEAD=75edd5480a1d283046b54445c150f0a220e07d66
PACKAGE_COMMIT=6c949a7c093f7f59ebedc79c084b53389cd649c7
FINAL_PUBLIC_VERIFICATION_COMMIT=SEPARATE_COMMIT_AFTER_PACKAGE

VERDICT=PUBLIC_R4_PACKAGE_VERIFICATION_PASS_AFTER_RETRY
LIMIT=This verifies repository/package integrity only; it does not close Gosec findings or environment gates.
