UTC=2026-08-26T11:35:45Z
CWD=/home/ubuntu/forgelocal_self_validation_v6/operational_validation_v1/repo
BRANCH=validation/gosec-r4
HEAD=3cd3ac0fb9eb684e61eafb8746c69dda9781df64
OS=Linux
ARCH=x86_64
DOCKER=NOT_EXECUTED_ENVIRONMENT_UNAVAILABLE
BUILDX=NOT_EXECUTED_ENVIRONMENT_UNAVAILABLE
DARWIN_XATTR=NOT_EXECUTED_ENVIRONMENT_UNAVAILABLE
DARWIN_NATIVE=NOT_EXECUTED_ENVIRONMENT_UNAVAILABLE
CAMOUFOX=NOT_EXECUTED_ENVIRONMENT_UNAVAILABLE
SYSTEMVAULT_SURFACE=PRESENT_BUT_NATIVE_TEST_NOT_AUTHORIZED
PORT_19281=FREE
PORT_3001=FREE
PORT_19282=FREE
PORT_19283=FREE
PORT_19284=FREE
PORT_19285=FREE
PORT_19286=FREE
PORT_19287=FREE

GATES
PUBLIC_RELEASE_BLOCKED=true
SCAN_BLOCKED_UNKNOWN=true
NATIVE_SYSTEMVAULT_NOT_TESTED=true
camoflox_execution_authorized=false
t08_authorized=false
release_authorized=false
FORGELOCAL_PRODUCTION_READY=false
exit
