UTC=2026-08-26T11:42:28Z
LOCAL_HEAD=6167906badf6cb63e5c60dbcdc79a0d34a057434
REMOTE_HEAD=6167906badf6cb63e5c60dbcdc79a0d34a057434
R3_REMOTE_HEAD=80048180d4ec5241c08146ade698d53a3f29454d
BRANCH=validation/gosec-r4
FSCK_EXIT_CODE=0
evidence/GOSEC_R4/forgelocal-gosec-r4-final-v1.zip: OK
ZIP_SIDECAR_EXIT_CODE=0
evidence/GOSEC_R4/forgelocal-gosec-r4-final-v1.tar.gz: OK
TAR_SIDECAR_EXIT_CODE=0
PORT_19281=FREE
PORT_3001=FREE
PORT_19282=FREE
PORT_19283=FREE
PORT_19284=FREE
PORT_19285=FREE
PORT_19286=FREE
PORT_19287=FREE
NON_SMOKE_WORKTREE=DIRTY
[31m??[m evidence/GOSEC_R4/R4_POST_HANDOVER_CHECK_RAW.log
[31m??[m evidence/SMOKE_INTEGRATED_PROXY/
HISTORICAL_SMOKE=CHECK_REQUIRED
/dev/root        48G   47G  1.1G  98% /
exit
