HARNESS=0
UI_INITIAL_LOAD=PASS
NAV_WORKSPACE=PASS
WORKSPACE_SELECT=PASS
WORKSPACE_CREATE=PASS
NAV_AUDIT=PASS
AUDIT_CLEAR=PASS
NAV_SETTINGS=PASS
SETTINGS_TOGGLE_setting-confirm-risk=PASS
SETTINGS_TOGGLE_setting-reduced-motion=PASS
SETTINGS_TOGGLE_setting-compact=PASS
NAV_HELP=PASS
NAV_NOTIFICATIONS=PASS
ADVANCED_FILTERS_OPEN=PASS
ADVANCED_FILTERS_MUTATE=PASS
ADVANCED_FILTERS_RESET=PASS
PROFILE_SEARCH=PASS
PROFILE_GROUP_FILTER=PASS
PROFILE_STATUS_FILTERS=PASS
CORE_READONLY_CONNECT=PASS
CORE_GROUPS_LOAD=PASS
CORE_RUNTIMES_LOAD=PASS
ADMIN_SHORT_TOKEN_GUARDED=PASS
CORE_ADMIN_CONNECT=PASS
PROFILE_CREATE_UI=PASS
PROFILE_CREATE_VISIBLE=PASS
UNEXPECTED_HTTP_ERRORS=PASS:0
HTTP_ERROR_RESPONSES=0
UNEXPECTED_HTTP_ERROR_RESPONSES=0
PAGE_FAILURE_COUNT=1
FAILURE_REDACTED=HARNESS_UNCAUGHT:profile-actions:TimeoutError: locator.click: Timeout 30000ms exceeded.
BUTTON_AUDIT_CASES=29
STATUS=FAIL
---RESULT---
UTC=2026-08-28T03:53:49Z
HARNESS_EXIT=0
UI_INITIAL_LOAD=PASS
NAV_WORKSPACE=PASS
WORKSPACE_SELECT=PASS
WORKSPACE_CREATE=PASS
NAV_AUDIT=PASS
AUDIT_CLEAR=PASS
NAV_SETTINGS=PASS
SETTINGS_TOGGLE_setting-confirm-risk=PASS
SETTINGS_TOGGLE_setting-reduced-motion=PASS
SETTINGS_TOGGLE_setting-compact=PASS
NAV_HELP=PASS
NAV_NOTIFICATIONS=PASS
ADVANCED_FILTERS_OPEN=PASS
ADVANCED_FILTERS_MUTATE=PASS
ADVANCED_FILTERS_RESET=PASS
PROFILE_SEARCH=PASS
PROFILE_GROUP_FILTER=PASS
PROFILE_STATUS_FILTERS=PASS
CORE_READONLY_CONNECT=PASS
CORE_GROUPS_LOAD=PASS
CORE_RUNTIMES_LOAD=PASS
ADMIN_SHORT_TOKEN_GUARDED=PASS
CORE_ADMIN_CONNECT=PASS
PROFILE_CREATE_UI=PASS
PROFILE_CREATE_VISIBLE=PASS
UNEXPECTED_HTTP_ERRORS=PASS:0
HTTP_ERROR_RESPONSES=0
UNEXPECTED_HTTP_ERROR_RESPONSES=0
PAGE_FAILURE_COUNT=1
FAILURE_REDACTED=HARNESS_UNCAUGHT:profile-actions:TimeoutError: locator.click: Timeout 30000ms exceeded.
BUTTON_AUDIT_CASES=29
STATUS=FAIL
TOKEN_MATCH_COUNT=0
SCREENSHOT_COUNT=3
STATUS=FAIL
