HARNESS=0
UI_INITIAL_LOAD=PASS
NAV_WORKSPACE=PASS
WORKSPACE_SELECT=PASS
WORKSPACE_CREATE=PASS
NAV_AUDIT=PASS
AUDIT_CLEAR=PASS
NAV_SETTINGS=PASS
SETTINGS_TOGGLE_setting-confirm-risk=PASS
SETTINGS_TOGGLE_setting-reduced-motion=PASS
SETTINGS_TOGGLE_setting-compact=PASS
NAV_HELP=PASS
NAV_NOTIFICATIONS=PASS
NOTIFICATIONS_READ_ALL=PASS
ADVANCED_FILTERS_OPEN=PASS
ADVANCED_FILTERS_MUTATE=PASS
ADVANCED_FILTERS_RESET=PASS
PROFILE_SEARCH=PASS
PROFILE_GROUP_FILTER=PASS
PROFILE_STATUS_FILTERS=PASS
PROFILE_GROUP_FILTER_RESET=PASS
COPY_PROFILE_ID=PASS
CORE_READONLY_CONNECT=PASS
CORE_GROUPS_LOAD=PASS
CORE_RUNTIMES_LOAD=PASS
ADMIN_SHORT_TOKEN_GUARDED=PASS
CORE_ADMIN_CONNECT=PASS
PROFILE_CREATE_UI=PASS
PROFILE_CREATE_VISIBLE=PASS
PROFILE_ADD_TAG=PASS
PROFILE_REMOVE_TAG=PASS
PROFILE_ARCHIVE_UI=PASS
PROFILE_REOPEN_UI=PASS
PROFILE_DUPLICATE_UI=PASS
PROFILE_EXPORT_UI=PASS
PROXY_CREATE_UI=PASS
PROXY_ASSIGN_UI=PASS
PROXY_UNASSIGN_UI=PASS
PROXY_DELETE_UI=PASS
BACKUP_CREATE_BLOCKED_SYSTEMVAULT=PASS
BACKUP_PANEL_OPEN=PASS
BACKUP_REFRESH_UI=PASS
BACKUP_DETAIL_ENV_BLOCKED=PASS
BACKUP_RESTORE_ENV_BLOCKED=PASS
BACKUP_PURGE_ENV_BLOCKED=PASS
ENVIRONMENT_CONSULT_UI=PASS
RUNTIME_REFRESH_UI=PASS
AUTOMATION_PANEL_OPEN=PASS
AUTOMATION_OPEN_ATTEMPT=PASS
EXTENSIONS_PANEL_OPEN=PASS
EXTENSIONS_REFRESH_UI=PASS
ADMIN_UNLINK_UI=PASS
CORE_READONLY_DISCONNECT=PASS
A11Y_BUTTON_NAMES=PASS
RESPONSIVE_NO_HORIZONTAL_OVERFLOW=PASS
UNEXPECTED_HTTP_ERRORS=PASS:0
HTTP_ERROR_RESPONSES=2
UNEXPECTED_HTTP_ERROR_RESPONSES=0
PAGE_FAILURE_COUNT=2
FAILURE_REDACTED=console:Failed to load resource: the server responded with a status of 500 (Internal Server Error)
FAILURE_REDACTED=console:Failed to load resource: the server responded with a status of 404 (Not Found)
BUTTON_AUDIT_CASES=55
STATUS=FAIL
---RESULT---
UTC=2026-08-28T04:19:05Z
CORE_PID=167571
STATUS_HTTP=200
HEALTH_HTTP=200
HARNESS_EXIT=0
UI_INITIAL_LOAD=PASS
NAV_WORKSPACE=PASS
WORKSPACE_SELECT=PASS
WORKSPACE_CREATE=PASS
NAV_AUDIT=PASS
AUDIT_CLEAR=PASS
NAV_SETTINGS=PASS
SETTINGS_TOGGLE_setting-confirm-risk=PASS
SETTINGS_TOGGLE_setting-reduced-motion=PASS
SETTINGS_TOGGLE_setting-compact=PASS
NAV_HELP=PASS
NAV_NOTIFICATIONS=PASS
ADVANCED_FILTERS_OPEN=PASS
ADVANCED_FILTERS_MUTATE=PASS
ADVANCED_FILTERS_RESET=PASS
PROFILE_SEARCH=PASS
PROFILE_GROUP_FILTER=PASS
PROFILE_STATUS_FILTERS=PASS
PROFILE_GROUP_FILTER_RESET=PASS
CORE_READONLY_CONNECT=PASS
CORE_GROUPS_LOAD=PASS
CORE_RUNTIMES_LOAD=PASS
ADMIN_SHORT_TOKEN_GUARDED=PASS
CORE_ADMIN_CONNECT=PASS
PROFILE_CREATE_UI=PASS
PROFILE_CREATE_VISIBLE=PASS
PROFILE_ADD_TAG=PASS
PROFILE_REMOVE_TAG=PASS
PROFILE_ARCHIVE_UI=PASS
PROFILE_REOPEN_UI=PASS
PROFILE_DUPLICATE_UI=PASS
PROFILE_EXPORT_UI=PASS
PROXY_CREATE_UI=PASS
PROXY_ASSIGN_UI=PASS
PROXY_UNASSIGN_UI=PASS
PROXY_DELETE_UI=PASS
BACKUP_CREATE_BLOCKED_SYSTEMVAULT=PASS
BACKUP_PANEL_OPEN=PASS
BACKUP_REFRESH_UI=PASS
BACKUP_DETAIL_ENV_BLOCKED=PASS
BACKUP_RESTORE_ENV_BLOCKED=PASS
BACKUP_PURGE_ENV_BLOCKED=PASS
ENVIRONMENT_CONSULT_UI=PASS
RUNTIME_REFRESH_UI=PASS
AUTOMATION_PANEL_OPEN=PASS
AUTOMATION_OPEN_ATTEMPT=PASS
EXTENSIONS_PANEL_OPEN=PASS
EXTENSIONS_REFRESH_UI=PASS
ADMIN_UNLINK_UI=PASS
CORE_READONLY_DISCONNECT=PASS
A11Y_BUTTON_NAMES=PASS
RESPONSIVE_NO_HORIZONTAL_OVERFLOW=PASS
UNEXPECTED_HTTP_ERRORS=PASS:0
HTTP_ERROR_RESPONSES=2
UNEXPECTED_HTTP_ERROR_RESPONSES=0
PAGE_FAILURE_COUNT=2
FAILURE_REDACTED=console:Failed to load resource: the server responded with a status of 500 (Internal Server Error)
FAILURE_REDACTED=console:Failed to load resource: the server responded with a status of 404 (Not Found)
BUTTON_AUDIT_CASES=55
STATUS=FAIL
TOKEN_MATCH_COUNT=0
SCREENSHOT_COUNT=5
STATUS=FAIL
