started_utc=2026-08-24T19:05:02Z
cwd=/home/ubuntu
head=6ae02e4ceed239b9310fbf3fccb1b5170117251e
command=bash -c trivy\ fs\ --scanners\ vuln\,secret\,misconfig\ --format\ json\ --output\ \"\$2\"\ \"\$1\" bash /tmp/tmp.7NzImKWOPk /home/ubuntu/forgelocal-final-check-20260824/PREHUMAN_FINAL_TRIVY_BASELINE.json 
--- raw_output ---
2026-08-24T19:05:02Z	INFO	[vuln] Vulnerability scanning is enabled
2026-08-24T19:05:02Z	INFO	[misconfig] Misconfiguration scanning is enabled
2026-08-24T19:05:02Z	INFO	[checks-client] Using existing checks from cache	path="/home/ubuntu/.cache/trivy/policy/content"
2026-08-24T19:05:03Z	INFO	[secret] Secret scanning is enabled
2026-08-24T19:05:03Z	INFO	[secret] If your scanning is slow, please try '--scanners vuln,misconfig' to disable secret scanning
2026-08-24T19:05:03Z	INFO	[secret] Please see https://trivy.dev/docs/v0.74/guide/scanner/secret#recommendation for faster secret detection
2026-08-24T19:05:04Z	INFO	[pnpm] Run "pnpm install" to collect the license information of packages	dir="forge-dashboard/node_modules"
2026-08-24T19:05:04Z	INFO	Suppressing dependencies for development and testing. To display them, try the '--include-dev-deps' flag.
2026-08-24T19:05:04Z	INFO	Number of language-specific files	num=2
2026-08-24T19:05:04Z	INFO	[gomod] Detecting vulnerabilities...
2026-08-24T19:05:04Z	INFO	[pnpm] Detecting vulnerabilities...
2026-08-24T19:05:04Z	INFO	Detected config files	num=2
exit_code=0
completed_utc=2026-08-24T19:05:04Z
check=trivy_baseline
---
started_utc=2026-08-24T19:05:04Z
cwd=/home/ubuntu
head=6ae02e4ceed239b9310fbf3fccb1b5170117251e
command=bash -c trivy\ fs\ --scanners\ vuln\,secret\,misconfig\ --format\ json\ --output\ \"\$2\"\ \"\$1\" bash /home/ubuntu/forgelocal-prehuman-fresh-20260824 /home/ubuntu/forgelocal-final-check-20260824/PREHUMAN_FINAL_TRIVY_HEAD.json 
--- raw_output ---
2026-08-24T19:05:04Z	INFO	[vuln] Vulnerability scanning is enabled
2026-08-24T19:05:04Z	INFO	[misconfig] Misconfiguration scanning is enabled
2026-08-24T19:05:04Z	INFO	[checks-client] Using existing checks from cache	path="/home/ubuntu/.cache/trivy/policy/content"
2026-08-24T19:05:05Z	INFO	[secret] Secret scanning is enabled
2026-08-24T19:05:05Z	INFO	[secret] If your scanning is slow, please try '--scanners vuln,misconfig' to disable secret scanning
2026-08-24T19:05:05Z	INFO	[secret] Please see https://trivy.dev/docs/v0.74/guide/scanner/secret#recommendation for faster secret detection
2026-08-24T19:05:08Z	WARN	[secret] The size of the scanned file is too large. It is recommended to use `--skip-files` for this file to avoid high memory consumption.	file_path="continuation/T27-R1/evidence/CR01/forgelocal-t27-r1-cr01-df50a2b.bundle" size (MB)=146
2026-08-24T19:05:20Z	INFO	Suppressing dependencies for development and testing. To display them, try the '--include-dev-deps' flag.
2026-08-24T19:05:20Z	INFO	Number of language-specific files	num=2
2026-08-24T19:05:20Z	INFO	[gomod] Detecting vulnerabilities...
2026-08-24T19:05:20Z	INFO	[pnpm] Detecting vulnerabilities...
2026-08-24T19:05:20Z	INFO	Detected config files	num=2
exit_code=0
completed_utc=2026-08-24T19:05:20Z
check=trivy_head
---
started_utc=2026-08-24T19:05:20Z
cwd=/home/ubuntu/forgelocal-prehuman-fresh-20260824/forge-dashboard
head=6ae02e4ceed239b9310fbf3fccb1b5170117251e
command=bash -c pnpm\ dlx\ license-checker\ --production\ --json bash 
--- raw_output ---
Progress: resolved 1, reused 0, downloaded 0, added 0
 WARN  7 deprecated subdependencies found: debuglog@1.0.1, glob@7.2.3, inflight@1.0.6, osenv@0.1.5, read-installed@4.0.3, read-package-json@2.1.2, readdir-scoped-modules@1.1.0
Packages: +59
+++++++++++++++++++++++++++++++++++++++++++++++++++++++++++
Progress: resolved 59, reused 6, downloaded 53, added 59, done
{
  "@hookform/resolvers@5.9.1": {
    "licenses": "MIT",
    "repository": "https://github.com/react-hook-form/resolvers",
    "publisher": "bluebill1049",
    "email": "bluebill1049@hotmail.com",
    "path": "/home/ubuntu/forgelocal-prehuman-fresh-20260824/forge-dashboard/node_modules/@hookform/resolvers",
    "licenseFile": "/home/ubuntu/forgelocal-prehuman-fresh-20260824/forge-dashboard/node_modules/@hookform/resolvers/LICENSE"
  },
  "@radix-ui/react-accordion@1.2.20": {
    "licenses": "MIT",
    "repository": "https://github.com/radix-ui/primitives",
    "path": "/home/ubuntu/forgelocal-prehuman-fresh-20260824/forge-dashboard/node_modules/@radix-ui/react-accordion",
    "licenseFile": "/home/ubuntu/forgelocal-prehuman-fresh-20260824/forge-dashboard/node_modules/@radix-ui/react-accordion/LICENSE"
  },
  "@radix-ui/react-alert-dialog@1.1.23": {
    "licenses": "MIT",
    "repository": "https://github.com/radix-ui/primitives",
    "path": "/home/ubuntu/forgelocal-prehuman-fresh-20260824/forge-dashboard/node_modules/@radix-ui/react-alert-dialog",
    "licenseFile": "/home/ubuntu/forgelocal-prehuman-fresh-20260824/forge-dashboard/node_modules/@radix-ui/react-alert-dialog/LICENSE"
  },
  "@radix-ui/react-aspect-ratio@1.1.15": {
    "licenses": "MIT",
    "repository": "https://github.com/radix-ui/primitives",
    "path": "/home/ubuntu/forgelocal-prehuman-fresh-20260824/forge-dashboard/node_modules/@radix-ui/react-aspect-ratio",
    "licenseFile": "/home/ubuntu/forgelocal-prehuman-fresh-20260824/forge-dashboard/node_modules/@radix-ui/react-aspect-ratio/LICENSE"
  },
  "@radix-ui/react-avatar@1.2.6": {
    "licenses": "MIT",
    "repository": "https://github.com/radix-ui/primitives",
    "path": "/home/ubuntu/forgelocal-prehuman-fresh-20260824/forge-dashboard/node_modules/@radix-ui/react-avatar",
    "licenseFile": "/home/ubuntu/forgelocal-prehuman-fresh-20260824/forge-dashboard/node_modules/@radix-ui/react-avatar/LICENSE"
  },
  "@radix-ui/react-checkbox@1.3.11": {
    "licenses": "MIT",
    "repository": "https://github.com/radix-ui/primitives",
    "path": "/home/ubuntu/forgelocal-prehuman-fresh-20260824/forge-dashboard/node_modules/@radix-ui/react-checkbox",
    "licenseFile": "/home/ubuntu/forgelocal-prehuman-fresh-20260824/forge-dashboard/node_modules/@radix-ui/react-checkbox/LICENSE"
  },
  "@radix-ui/react-collapsible@1.1.20": {
    "licenses": "MIT",
    "repository": "https://github.com/radix-ui/primitives",
    "path": "/home/ubuntu/forgelocal-prehuman-fresh-20260824/forge-dashboard/node_modules/@radix-ui/react-collapsible",
    "licenseFile": "/home/ubuntu/forgelocal-prehuman-fresh-20260824/forge-dashboard/node_modules/@radix-ui/react-collapsible/LICENSE"
  },
  "@radix-ui/react-context-menu@2.3.7": {
    "licenses": "MIT",
    "repository": "https://github.com/radix-ui/primitives",
    "path": "/home/ubuntu/forgelocal-prehuman-fresh-20260824/forge-dashboard/node_modules/@radix-ui/react-context-menu",
    "licenseFile": "/home/ubuntu/forgelocal-prehuman-fresh-20260824/forge-dashboard/node_modules/@radix-ui/react-context-menu/LICENSE"
  },
  "@radix-ui/react-dialog@1.1.23": {
    "licenses": "MIT",
    "repository": "https://github.com/radix-ui/primitives",
    "path": "/home/ubuntu/forgelocal-prehuman-fresh-20260824/forge-dashboard/node_modules/@radix-ui/react-dialog",
    "licenseFile": "/home/ubuntu/forgelocal-prehuman-fresh-20260824/forge-dashboard/node_modules/@radix-ui/react-dialog/LICENSE"
  },
  "@radix-ui/react-dropdown-menu@2.1.24": {
    "licenses": "MIT",
    "repository": "https://github.com/radix-ui/primitives",
    "path": "/home/ubuntu/forgelocal-prehuman-fresh-20260824/forge-dashboard/node_modules/@radix-ui/react-dropdown-menu",
    "licenseFile": "/home/ubuntu/forgelocal-prehuman-fresh-20260824/forge-dashboard/node_modules/@radix-ui/react-dropdown-menu/LICENSE"
  },
  "@radix-ui/react-hover-card@1.1.23": {
    "licenses": "MIT",
    "repository": "https://github.com/radix-ui/primitives",
    "path": "/home/ubuntu/forgelocal-prehuman-fresh-20260824/forge-dashboard/node_modules/@radix-ui/react-hover-card",
    "licenseFile": "/home/ubuntu/forgelocal-prehuman-fresh-20260824/forge-dashboard/node_modules/@radix-ui/react-hover-card/LICENSE"
  },
  "@radix-ui/react-label@2.1.15": {
    "licenses": "MIT",
    "repository": "https://github.com/radix-ui/primitives",
    "path": "/home/ubuntu/forgelocal-prehuman-fresh-20260824/forge-dashboard/node_modules/@radix-ui/react-label",
    "licenseFile": "/home/ubuntu/forgelocal-prehuman-fresh-20260824/forge-dashboard/node_modules/@radix-ui/react-label/LICENSE"
  },
  "@radix-ui/react-menubar@1.1.24": {
    "licenses": "MIT",
    "repository": "https://github.com/radix-ui/primitives",
    "path": "/home/ubuntu/forgelocal-prehuman-fresh-20260824/forge-dashboard/node_modules/@radix-ui/react-menubar",
    "licenseFile": "/home/ubuntu/forgelocal-prehuman-fresh-20260824/forge-dashboard/node_modules/@radix-ui/react-menubar/LICENSE"
  },
  "@radix-ui/react-navigation-menu@1.2.22": {
    "licenses": "MIT",
    "repository": "https://github.com/radix-ui/primitives",
    "path": "/home/ubuntu/forgelocal-prehuman-fresh-20260824/forge-dashboard/node_modules/@radix-ui/react-navigation-menu",
    "licenseFile": "/home/ubuntu/forgelocal-prehuman-fresh-20260824/forge-dashboard/node_modules/@radix-ui/react-navigation-menu/LICENSE"
  },
  "@radix-ui/react-popover@1.1.23": {
    "licenses": "MIT",
    "repository": "https://github.com/radix-ui/primitives",
    "path": "/home/ubuntu/forgelocal-prehuman-fresh-20260824/forge-dashboard/node_modules/@radix-ui/react-popover",
    "licenseFile": "/home/ubuntu/forgelocal-prehuman-fresh-20260824/forge-dashboard/node_modules/@radix-ui/react-popover/LICENSE"
  },
  "@radix-ui/react-progress@1.1.16": {
    "licenses": "MIT",
    "repository": "https://github.com/radix-ui/primitives",
    "path": "/home/ubuntu/forgelocal-prehuman-fresh-20260824/forge-dashboard/node_modules/@radix-ui/react-progress",
    "licenseFile": "/home/ubuntu/forgelocal-prehuman-fresh-20260824/forge-dashboard/node_modules/@radix-ui/react-progress/LICENSE"
  },
  "@radix-ui/react-radio-group@1.4.7": {
    "licenses": "MIT",
    "repository": "https://github.com/radix-ui/primitives",
    "path": "/home/ubuntu/forgelocal-prehuman-fresh-20260824/forge-dashboard/node_modules/@radix-ui/react-radio-group",
    "licenseFile": "/home/ubuntu/forgelocal-prehuman-fresh-20260824/forge-dashboard/node_modules/@radix-ui/react-radio-group/LICENSE"
  },
  "@radix-ui/react-scroll-area@1.2.18": {
    "licenses": "MIT",
    "repository": "https://github.com/radix-ui/primitives",
    "path": "/home/ubuntu/forgelocal-prehuman-fresh-20260824/forge-dashboard/node_modules/@radix-ui/react-scroll-area",
    "licenseFile": "/home/ubuntu/forgelocal-prehuman-fresh-20260824/forge-dashboard/node_modules/@radix-ui/react-scroll-area/LICENSE"
  },
  "@radix-ui/react-select@2.3.7": {
    "licenses": "MIT",
    "repository": "https://github.com/radix-ui/primitives",
    "path": "/home/ubuntu/forgelocal-prehuman-fresh-20260824/forge-dashboard/node_modules/@radix-ui/react-select",
    "licenseFile": "/home/ubuntu/forgelocal-prehuman-fresh-20260824/forge-dashboard/node_modules/@radix-ui/react-select/LICENSE"
  },
  "@radix-ui/react-separator@1.1.15": {
    "licenses": "MIT",
    "repository": "https://github.com/radix-ui/primitives",
    "path": "/home/ubuntu/forgelocal-prehuman-fresh-20260824/forge-dashboard/node_modules/@radix-ui/react-separator",
    "licenseFile": "/home/ubuntu/forgelocal-prehuman-fresh-20260824/forge-dashboard/node_modules/@radix-ui/react-separator/LICENSE"
  },
  "@radix-ui/react-slider@1.4.7": {
    "licenses": "MIT",
    "repository": "https://github.com/radix-ui/primitives",
    "path": "/home/ubuntu/forgelocal-prehuman-fresh-20260824/forge-dashboard/node_modules/@radix-ui/react-slider",
    "licenseFile": "/home/ubuntu/forgelocal-prehuman-fresh-20260824/forge-dashboard/node_modules/@radix-ui/react-slider/LICENSE"
  },
  "@radix-ui/react-slot@1.3.3": {
    "licenses": "MIT",
    "repository": "https://github.com/radix-ui/primitives",
    "path": "/home/ubuntu/forgelocal-prehuman-fresh-20260824/forge-dashboard/node_modules/@radix-ui/react-slot",
    "licenseFile": "/home/ubuntu/forgelocal-prehuman-fresh-20260824/forge-dashboard/node_modules/@radix-ui/react-slot/LICENSE"
  },
  "@radix-ui/react-switch@1.3.7": {
    "licenses": "MIT",
    "repository": "https://github.com/radix-ui/primitives",
    "path": "/home/ubuntu/forgelocal-prehuman-fresh-20260824/forge-dashboard/node_modules/@radix-ui/react-switch",
    "licenseFile": "/home/ubuntu/forgelocal-prehuman-fresh-20260824/forge-dashboard/node_modules/@radix-ui/react-switch/LICENSE"
  },
  "@radix-ui/react-tabs@1.1.21": {
    "licenses": "MIT",
    "repository": "https://github.com/radix-ui/primitives",
    "path": "/home/ubuntu/forgelocal-prehuman-fresh-20260824/forge-dashboard/node_modules/@radix-ui/react-tabs",
    "licenseFile": "/home/ubuntu/forgelocal-prehuman-fresh-20260824/forge-dashboard/node_modules/@radix-ui/react-tabs/LICENSE"
  },
  "@radix-ui/react-toggle-group@1.1.19": {
    "licenses": "MIT",
    "repository": "https://github.com/radix-ui/primitives",
    "path": "/home/ubuntu/forgelocal-prehuman-fresh-20260824/forge-dashboard/node_modules/@radix-ui/react-toggle-group",
    "licenseFile": "/home/ubuntu/forgelocal-prehuman-fresh-20260824/forge-dashboard/node_modules/@radix-ui/react-toggle-group/LICENSE"
  },
  "@radix-ui/react-toggle@1.1.18": {
    "licenses": "MIT",
    "repository": "https://github.com/radix-ui/primitives",
    "path": "/home/ubuntu/forgelocal-prehuman-fresh-20260824/forge-dashboard/node_modules/@radix-ui/react-toggle",
    "licenseFile": "/home/ubuntu/forgelocal-prehuman-fresh-20260824/forge-dashboard/node_modules/@radix-ui/react-toggle/LICENSE"
  },
  "@radix-ui/react-tooltip@1.2.16": {
    "licenses": "MIT",
    "repository": "https://github.com/radix-ui/primitives",
    "path": "/home/ubuntu/forgelocal-prehuman-fresh-20260824/forge-dashboard/node_modules/@radix-ui/react-tooltip",
    "licenseFile": "/home/ubuntu/forgelocal-prehuman-fresh-20260824/forge-dashboard/node_modules/@radix-ui/react-tooltip/LICENSE"
  },
  "axios@1.19.0": {
    "licenses": "MIT",
    "repository": "https://github.com/axios/axios",
    "publisher": "Matt Zabriskie",
    "path": "/home/ubuntu/forgelocal-prehuman-fresh-20260824/forge-dashboard/node_modules/axios",
    "licenseFile": "/home/ubuntu/forgelocal-prehuman-fresh-20260824/forge-dashboard/node_modules/axios/LICENSE"
  },
  "class-variance-authority@0.7.1": {
    "licenses": "Apache-2.0",
    "repository": "https://github.com/joe-bell/cva",
    "publisher": "Joe Bell",
    "url": "https://joebell.co.uk",
    "path": "/home/ubuntu/forgelocal-prehuman-fresh-20260824/forge-dashboard/node_modules/class-variance-authority",
    "licenseFile": "/home/ubuntu/forgelocal-prehuman-fresh-20260824/forge-dashboard/node_modules/class-variance-authority/LICENSE"
  },
  "clsx@2.1.1": {
    "licenses": "MIT",
    "repository": "https://github.com/lukeed/clsx",
    "publisher": "Luke Edwards",
    "email": "luke.edwards05@gmail.com",
    "url": "https://lukeed.com",
    "path": "/home/ubuntu/forgelocal-prehuman-fresh-20260824/forge-dashboard/node_modules/clsx",
    "licenseFile": "/home/ubuntu/forgelocal-prehuman-fresh-20260824/forge-dashboard/node_modules/clsx/license"
  },
  "cmdk@1.1.1": {
    "licenses": "MIT",
    "repository": "https://github.com/pacocoursey/cmdk",
    "publisher": "Paco",
    "url": "https://github.com/pacocoursey",
    "path": "/home/ubuntu/forgelocal-prehuman-fresh-20260824/forge-dashboard/node_modules/cmdk",
    "licenseFile": "/home/ubuntu/forgelocal-prehuman-fresh-20260824/forge-dashboard/node_modules/cmdk/LICENSE.md"
  },
  "embla-carousel-react@8.6.0": {
    "licenses": "MIT",
    "repository": "https://github.com/davidjerleke/embla-carousel",
    "publisher": "David Jerleke",
    "path": "/home/ubuntu/forgelocal-prehuman-fresh-20260824/forge-dashboard/node_modules/embla-carousel-react",
    "licenseFile": "/home/ubuntu/forgelocal-prehuman-fresh-20260824/forge-dashboard/node_modules/embla-carousel-react/README.md"
  },
  "express@4.22.2": {
    "licenses": "MIT",
    "repository": "https://github.com/expressjs/express",
    "publisher": "TJ Holowaychuk",
    "email": "tj@vision-media.ca",
    "path": "/home/ubuntu/forgelocal-prehuman-fresh-20260824/forge-dashboard/node_modules/express",
    "licenseFile": "/home/ubuntu/forgelocal-prehuman-fresh-20260824/forge-dashboard/node_modules/express/LICENSE"
  },
  "forgelocal-dashboard@1.0.0": {
    "licenses": "MIT",
    "path": "/home/ubuntu/forgelocal-prehuman-fresh-20260824/forge-dashboard"
  },
  "framer-motion@12.43.0": {
    "licenses": "MIT",
    "repository": "https://github.com/motiondivision/motion",
    "publisher": "Matt Perry",
    "path": "/home/ubuntu/forgelocal-prehuman-fresh-20260824/forge-dashboard/node_modules/framer-motion",
    "licenseFile": "/home/ubuntu/forgelocal-prehuman-fresh-20260824/forge-dashboard/node_modules/framer-motion/LICENSE.md"
  },
  "input-otp@1.5.0": {
    "licenses": "MIT",
    "repository": "https://github.com/guilhermerodz/input-otp",
    "publisher": "Guilherme Rodz",
    "email": "g@rodz.dev",
    "path": "/home/ubuntu/forgelocal-prehuman-fresh-20260824/forge-dashboard/node_modules/input-otp",
    "licenseFile": "/home/ubuntu/forgelocal-prehuman-fresh-20260824/forge-dashboard/node_modules/input-otp/LICENSE"
  },
  "lucide-react@0.453.0": {
    "licenses": "ISC",
    "repository": "https://github.com/lucide-icons/lucide",
    "publisher": "Eric Fennis",
    "path": "/home/ubuntu/forgelocal-prehuman-fresh-20260824/forge-dashboard/node_modules/lucide-react",
    "licenseFile": "/home/ubuntu/forgelocal-prehuman-fresh-20260824/forge-dashboard/node_modules/lucide-react/LICENSE"
  },
  "nanoid@5.1.16": {
    "licenses": "MIT",
    "repository": "https://github.com/ai/nanoid",
    "publisher": "Andrey Sitnik",
    "email": "andrey@sitnik.es",
    "path": "/home/ubuntu/forgelocal-prehuman-fresh-20260824/forge-dashboard/node_modules/nanoid",
    "licenseFile": "/home/ubuntu/forgelocal-prehuman-fresh-20260824/forge-dashboard/node_modules/nanoid/LICENSE"
  },
  "next-themes@0.4.6": {
    "licenses": "MIT",
    "repository": "https://github.com/pacocoursey/next-themes",
    "path": "/home/ubuntu/forgelocal-prehuman-fresh-20260824/forge-dashboard/node_modules/next-themes",
    "licenseFile": "/home/ubuntu/forgelocal-prehuman-fresh-20260824/forge-dashboard/node_modules/next-themes/license.md"
  },
  "react-day-picker@9.14.0": {
    "licenses": "MIT",
    "repository": "https://github.com/gpbl/react-day-picker",
    "publisher": "Giampaolo Bellavite",
    "email": "io@gpbl.dev",
    "path": "/home/ubuntu/forgelocal-prehuman-fresh-20260824/forge-dashboard/node_modules/react-day-picker",
    "licenseFile": "/home/ubuntu/forgelocal-prehuman-fresh-20260824/forge-dashboard/node_modules/react-day-picker/LICENSE"
  },
  "react-dom@19.2.8": {
    "licenses": "MIT",
    "repository": "https://github.com/react/react",
    "path": "/home/ubuntu/forgelocal-prehuman-fresh-20260824/forge-dashboard/node_modules/react-dom",
    "licenseFile": "/home/ubuntu/forgelocal-prehuman-fresh-20260824/forge-dashboard/node_modules/react-dom/LICENSE"
  },
  "react-hook-form@7.85.0": {
    "licenses": "MIT",
    "repository": "https://github.com/react-hook-form/react-hook-form",
    "publisher": "Beier",
    "email": "bluebill1049@hotmail.com",
    "url": "Bill",
    "path": "/home/ubuntu/forgelocal-prehuman-fresh-20260824/forge-dashboard/node_modules/react-hook-form",
    "licenseFile": "/home/ubuntu/forgelocal-prehuman-fresh-20260824/forge-dashboard/node_modules/react-hook-form/LICENSE"
  },
  "react-resizable-panels@3.0.6": {
    "licenses": "MIT",
    "repository": "https://github.com/bvaughn/react-resizable-panels",
    "publisher": "Brian Vaughn",
    "email": "brian.david.vaughn@gmail.com",
    "path": "/home/ubuntu/forgelocal-prehuman-fresh-20260824/forge-dashboard/node_modules/react-resizable-panels",
    "licenseFile": "/home/ubuntu/forgelocal-prehuman-fresh-20260824/forge-dashboard/node_modules/react-resizable-panels/README.md"
  },
  "react@19.2.8": {
    "licenses": "MIT",
    "repository": "https://github.com/react/react",
    "path": "/home/ubuntu/forgelocal-prehuman-fresh-20260824/forge-dashboard/node_modules/react",
    "licenseFile": "/home/ubuntu/forgelocal-prehuman-fresh-20260824/forge-dashboard/node_modules/react/LICENSE"
  },
  "recharts@2.15.4": {
    "licenses": "MIT",
    "repository": "https://github.com/recharts/recharts",
    "publisher": "recharts group",
    "path": "/home/ubuntu/forgelocal-prehuman-fresh-20260824/forge-dashboard/node_modules/recharts",
    "licenseFile": "/home/ubuntu/forgelocal-prehuman-fresh-20260824/forge-dashboard/node_modules/recharts/LICENSE"
  },
  "sonner@2.0.8": {
    "licenses": "MIT",
    "repository": "https://github.com/emilkowalski/sonner",
    "publisher": "Emil Kowalski",
    "email": "e@emilkowal.ski",
    "path": "/home/ubuntu/forgelocal-prehuman-fresh-20260824/forge-dashboard/node_modules/sonner",
    "licenseFile": "/home/ubuntu/forgelocal-prehuman-fresh-20260824/forge-dashboard/node_modules/sonner/LICENSE.md"
  },
  "streamdown@1.6.11": {
    "licenses": "Apache-2.0",
    "repository": "https://github.com/vercel/streamdown",
    "publisher": "Hayden Bleasel",
    "email": "hayden.bleasel@vercel.com",
    "path": "/home/ubuntu/forgelocal-prehuman-fresh-20260824/forge-dashboard/node_modules/streamdown",
    "licenseFile": "/home/ubuntu/forgelocal-prehuman-fresh-20260824/forge-dashboard/node_modules/streamdown/LICENSE"
  },
  "tailwind-merge@3.6.0": {
    "licenses": "MIT",
    "repository": "https://github.com/dcastil/tailwind-merge",
    "publisher": "Dany Castillo",
    "path": "/home/ubuntu/forgelocal-prehuman-fresh-20260824/forge-dashboard/node_modules/tailwind-merge",
    "licenseFile": "/home/ubuntu/forgelocal-prehuman-fresh-20260824/forge-dashboard/node_modules/tailwind-merge/LICENSE.md"
  },
  "tailwindcss-animate@1.0.7": {
    "licenses": "MIT",
    "publisher": "Jamie Kyle",
    "email": "me@thejameskyle.com",
    "path": "/home/ubuntu/forgelocal-prehuman-fresh-20260824/forge-dashboard/node_modules/tailwindcss-animate",
    "licenseFile": "/home/ubuntu/forgelocal-prehuman-fresh-20260824/forge-dashboard/node_modules/tailwindcss-animate/LICENSE"
  },
  "vaul@1.1.2": {
    "licenses": "MIT",
    "repository": "https://github.com/emilkowalski/vaul",
    "publisher": "Emil Kowalski",
    "email": "e@emilkowal.ski",
    "path": "/home/ubuntu/forgelocal-prehuman-fresh-20260824/forge-dashboard/node_modules/vaul",
    "licenseFile": "/home/ubuntu/forgelocal-prehuman-fresh-20260824/forge-dashboard/node_modules/vaul/LICENSE.md"
  },
  "wouter@3.10.0": {
    "licenses": "Unlicense",
    "repository": "https://github.com/molefrog/wouter",
    "publisher": "Alexey Taktarov",
    "email": "molefrog@gmail.com",
    "path": "/home/ubuntu/forgelocal-prehuman-fresh-20260824/forge-dashboard/node_modules/wouter",
    "licenseFile": "/home/ubuntu/forgelocal-prehuman-fresh-20260824/forge-dashboard/node_modules/wouter/README.md"
  },
  "zod@4.4.3": {
    "licenses": "MIT",
    "repository": "https://github.com/colinhacks/zod",
    "publisher": "Colin McDonnell",
    "email": "zod@colinhacks.com",
    "path": "/home/ubuntu/forgelocal-prehuman-fresh-20260824/forge-dashboard/node_modules/zod",
    "licenseFile": "/home/ubuntu/forgelocal-prehuman-fresh-20260824/forge-dashboard/node_modules/zod/LICENSE"
  }
}

exit_code=0
completed_utc=2026-08-24T19:05:22Z
check=license_inventory
---
