UTC=2026-08-26T03:13:18Z
CWD=/home/ubuntu
OS=Linux
ARCH=x86_64
DISK=
Filesystem      Size  Used Avail Use% Mounted on
/dev/root        48G   41G  6.9G  86% /
/dev/root        48G   41G  6.9G  86% /
TOOLS=
git=/usr/bin/git
git version 2.43.0
gh=/usr/bin/gh
gh version 2.97.0 (2026-07-31)
go=/usr/local/go1.25.13/bin/go
flag provided but not defined: -version
gosec=/home/ubuntu/bin/gosec
Version: dev
govulncheck=/home/ubuntu/bin/govulncheck
Go: go1.25.13
gitleaks=/home/ubuntu/bin/gitleaks
Error: unknown flag: --version
osv-scanner=/home/ubuntu/bin/osv-scanner
osv-scanner version: 1.9.2
trivy=/home/ubuntu/bin/trivy
Version: 0.74.0
syft=/home/ubuntu/bin/syft
syft 1.51.0
semgrep=bash: semgrep: command not found
grype=bash: grype: command not found
shellcheck=bash: shellcheck: command not found
yamllint=bash: yamllint: command not found

LOCAL_STATE=
validation/operational-v1
aab0cca666e470ed312aabcdb5e369157ba4f204
origin	https://github.com/davidwilsonbest89-afk/forgelocal-public-sanitized.git (fetch) [blob:none]
origin	https://github.com/davidwilsonbest89-afk/forgelocal-public-sanitized.git (push)
[31m??[m evidence/GOSEC_R2_OVERNIGHT/
[31m??[m evidence/SMOKE_INTEGRATED_PROXY/

LOCAL_TAGS=

CLONE_COMMAND=GIT_LFS_SKIP_SMUDGE=1 git clone --no-checkout --filter=blob:none --branch validation/operational-v1 https://github.com/davidwilsonbest89-afk/forgelocal-public-sanitized.git /tmp/forgelocal_r2_overnight_clone
CLONE_EXIT_CODE=0
FETCH_TAGS_EXIT_CODE=0
CLONE_BRANCH=validation/operational-v1
CLONE_HEAD=aab0cca666e470ed312aabcdb5e369157ba4f204
COMMIT_20e5181=commit
  20e5181554c52a92d6e1acad15feb426e8804621
  parent=cba6beb496e0c56f98f03bdf1dc3efbd7adb3809
  subject=evidence: finalize GOSEC R2 lot 1 package
  tags_points_at=  tags_contains=
COMMIT_31385c2=commit
  31385c26bc6ca8944d68b50be71fec8c0783d590
  parent=20e5181554c52a92d6e1acad15feb426e8804621
  subject=evidence: preserve GOSEC R2 lot 1 with verified manifest
  tags_points_at=  tags_contains=
COMMIT_701c594=commit
  701c5949261de261d2044cbff3e125b88c56f1a2
  parent=31385c26bc6ca8944d68b50be71fec8c0783d590
  subject=security: bound local CLI and websocket network paths
  tags_points_at=  tags_contains=
COMMIT_2091480=commit
  209148020e8254d7af903bc09485dbaed4014948
  parent=701c5949261de261d2044cbff3e125b88c56f1a2
  subject=test: cover local CLI HTTP timeout
  tags_points_at=  tags_contains=
COMMIT_aab0cca=commit
  aab0cca666e470ed312aabcdb5e369157ba4f204
  parent=9e2361eb2428a50ece22f806c8a3c79d3a85ffe1
  subject=evidence: finalize GOSEC R2 lot 2 package
  tags_points_at=  tags_contains=

ANCESTORS=
20e5181 -> 31385c2 ancestor_exit=0
31385c2 -> 701c594 ancestor_exit=0
701c594 -> 2091480 ancestor_exit=0
2091480 -> aab0cca ancestor_exit=0

MERGE_BASE_20E_31385=20e5181554c52a92d6e1acad15feb426e8804621

DIFF_20E_31385_STAT=
 .../GOSEC_REVIEW_R2_LOT1_FINAL_V2.manifest.txt     |  70 [32m+++++++++++++++++++++[m
 ...C_REVIEW_R2_LOT1_PRESERVATION_V2_VERIFY_RAW.log |  43 [32m+++++++++++++[m
 ...OSEC_REVIEW_R2_LOT1_PRESERVATION_VERIFY_RAW.log |  25 [32m++++++++[m
 .../forgelocal-security-r2-lot1-final-v2.tar.gz    | Bin [31m0[m -> [32m242346[m bytes
 ...gelocal-security-r2-lot1-final-v2.tar.gz.sha256 |   1 [32m+[m
 .../forgelocal-security-r2-lot1-final-v2.zip       | Bin [31m0[m -> [32m259327[m bytes
 ...forgelocal-security-r2-lot1-final-v2.zip.sha256 |   1 [32m+[m
 7 files changed, 140 insertions(+)
DIFF_20E_31385_NAMES=
A	evidence/SECURITY_GOSEC_REVIEW/GOSEC_REVIEW_R2_LOT1_FINAL_V2.manifest.txt
A	evidence/SECURITY_GOSEC_REVIEW/GOSEC_REVIEW_R2_LOT1_PRESERVATION_V2_VERIFY_RAW.log
A	evidence/SECURITY_GOSEC_REVIEW/GOSEC_REVIEW_R2_LOT1_PRESERVATION_VERIFY_RAW.log
A	evidence/SECURITY_GOSEC_REVIEW/forgelocal-security-r2-lot1-final-v2.tar.gz
A	evidence/SECURITY_GOSEC_REVIEW/forgelocal-security-r2-lot1-final-v2.tar.gz.sha256
A	evidence/SECURITY_GOSEC_REVIEW/forgelocal-security-r2-lot1-final-v2.zip
A	evidence/SECURITY_GOSEC_REVIEW/forgelocal-security-r2-lot1-final-v2.zip.sha256

BRANCH_RELATIONS=
* [32mvalidation/operational-v1[m
  [31mremotes/origin/validation/operational-v1[m
* [32mvalidation/operational-v1[m
  [31mremotes/origin/validation/operational-v1[m

REMOTE_HEAD=aab0cca666e470ed312aabcdb5e369157ba4f204
