UTC=
REMOTE_HEAD=90b292ee615fe0f4ae78418121375ccb577a442e
PUBLIC_CLONE=PASS
CHECKOUT_NO_LFS=PASS
HEAD_MATCH=PASS
FSCK_EXIT_CODE=0
ZIP_SIDECAR=PASS
TAR_SIDECAR=PASS
UNZIP_TEST=PASS
ZIP_EXTRACTION=PASS
TAR_EXTRACTION=PASS
ZIP_HASHES=PASS
TAR_HASHES=PASS
BUNDLE_VERIFY=PASS
FIRST_PUBLIC_ATTEMPT=FAILED_SIDECAR_CWD_ONLY
FINAL_PUBLIC_VERIFICATION=PASS

--- bundle ---
evidence/GOSEC_R2_OVERNIGHT/forgelocal-gosec-r2-overnight-delta-ee45a14.bundle is okay
The bundle contains this ref:
ee45a147919e8d0e9c39e2f276f0e590e770a77e refs/heads/validation/operational-v1
The bundle records a complete history.
The bundle uses this hash algorithm: sha1

--- zip hashes ---
GOSEC_R2_OVERNIGHT/osv_pnpm_lock_post_directive.json: OK
GOSEC_R2_OVERNIGHT/syft_final.json: OK
GOSEC_R2_OVERNIGHT/syft_post_overnight.json: OK
GOSEC_R2_OVERNIGHT/trivy_final.json: OK
GOSEC_R2_OVERNIGHT/trivy_post_overnight.json: OK

--- tar hashes ---
GOSEC_R2_OVERNIGHT/osv_pnpm_lock_post_directive.json: OK
GOSEC_R2_OVERNIGHT/syft_final.json: OK
GOSEC_R2_OVERNIGHT/syft_post_overnight.json: OK
GOSEC_R2_OVERNIGHT/trivy_final.json: OK
GOSEC_R2_OVERNIGHT/trivy_post_overnight.json: OK
