=== DATE_UTC ===
2026-08-27T01:13:34Z
=== BASH_N ===
BASH_N_EXIT=0
=== SHELLCHECK ===
[]
SHELLCHECK_EXIT=0
=== DIFF_CHECK ===
DIFF_CHECK_EXIT=0
=== DOCKERFILE_BUILD_CHECK ===
#0 building with "default" instance using docker driver

#1 [internal] load build definition from Dockerfile.run
#1 transferring dockerfile: 4.64kB done
#1 DONE 0.0s

#2 [internal] load metadata for docker.io/library/ubuntu:24.04
#2 DONE 0.3s

#3 [internal] load .dockerignore
#3 transferring context: 46B done
#3 DONE 0.0s
Check complete, no warnings found.
DOCKERFILE_CHECK_EXIT=0
