IMAGE_DIGEST_IDENTITY_EVIDENCE=FINAL_SECRET_REMEDIATION
DATE_UTC=2026-08-27T03:20:00Z
CWD=/home/ubuntu/forgelocal-final-secret-remediation/repo
IMAGE_TAG=forgelocal-secret-remediation:snakeoil-remediated-20260827
IMAGE_DIGEST=sha256:906ee46a15885c4cda92325adec06a450e7afe485c43ba763f922d7c321af879
IMAGE_DIGEST_STATUS=EXACT_TESTED_IMAGE_DIGEST
IMAGE_CURRENTLY_PRESENT=FALSE
IMAGE_REMOVAL_STATUS=PASS_CLEANUP_DOCUMENTED

COMMAND_1=sed -n '1,80p' evidence/FINAL_SECRET_REMEDIATION/snakeoil/snakeoil-build-space-cleanup-raw.log
COMMAND_1_EXIT=0
COMMAND_1_RESULT=PASS_DIGEST_RECORDED
COMMAND_2=scripts/test-docker-image-hardening.sh IMAGE
COMMAND_2_EXIT=0
COMMAND_2_RESULT=PASS_KEY_CERTIFICATE_AND_SERVICE_SYMLINK_ABSENT
COMMAND_3=trivy image --scanners secret IMAGE
COMMAND_3_EXIT=0
COMMAND_3_RESULT=PASS_ZERO_SECRETS
COMMAND_4=inspect-history-and-export-layers
COMMAND_4_EXIT=0
COMMAND_4_RESULT=PASS_NO_SENTINEL_OR_SNAKEOIL_ARTIFACT
COMMAND_5=runtime-start-without-snakeoil
COMMAND_5_EXIT=0
COMMAND_5_RESULT=PASS_KASMVNC_START_ASSERTION
COMMAND_6=docker image rm and builder cleanup
COMMAND_6_EXIT=0
COMMAND_6_RESULT=PASS_IMAGE_AND_CACHE_REMOVED

SNAKEOIL_KEY=ABSENT
SNAKEOIL_CERTIFICATE=ABSENT
SNAKEOIL_VARIANTS=ABSENT
SNAKEOIL_SERVICE_SYMLINK=ABSENT
IMAGE_LAYERS=ABSENT
DOCKER_HISTORY=ABSENT
TRIVY_SECRETS=0
NON_REGRESSION_GATE=scripts/test-docker-image-hardening.sh_EXECUTED_IN_CI_AND_LOCAL
NO_SECRET_VALUE_RETAINED=TRUE
