=== DATE_UTC ===
2026-08-27T01:26:09Z
=== IMAGE_HARDENING_TEST ===
IMAGE_SNAKEOIL_ARTIFACTS=ABSENT
IMAGE_HARDENING_EXIT=0
=== SECRET_REDACTION_CYCLE ===
IMAGE_HISTORY_SENTINEL=ABSENT
IMAGE_LAYERS_SENTINEL=ABSENT
API_STATUS=NOT_CONFIRMED
VALID_LOG_SENTINEL=ABSENT
VALID_STDOUT_STDERR_SENTINEL=ABSENT
TOKEN_FILE_PRESENT=PASS
TOKEN_FILE_MODE=0600
CONTAINER_CLEANUP=PASS
HOST_PROCESS_CLEANUP=PASS
ABSENT_TOKEN_OUTPUT=ABSENT
INVALID_TOKEN_OUTPUT=ABSENT
INVALID_TOKEN_FILE_MODE=0600
FINAL_CONTAINER_CLEANUP=PASS
DOCKER_SECRET_REDACTION_CYCLE=PASS
SECRET_REDACTION_CYCLE_EXIT=0
