{
  "baseline_delta": {
    "baseline_grype_matches": 379,
    "baseline_trivy_secret_count": 1,
    "baseline_trivy_vulnerabilities": 123,
    "post_grype_matches": 379,
    "post_trivy_secret_count": 0,
    "post_trivy_vulnerabilities": 123
  },
  "decisions": "Every row is explicitly marked OPEN_*_MANUAL_REVIEW_REQUIRED; no global ignore used.",
  "dedupe_key": "vulnerability_id+component+installed_version",
  "exploitability": "NOT_ASSESSED_SCANNER_DATA_UNAVAILABLE",
  "grype_findings_triage_status": "GRYPE_FINDINGS_TRIAGE_PENDING",
  "grype_matches": 379,
  "image_vulnerability_triage_status": "IMAGE_VULNERABILITIES_TRIAGE_PENDING",
  "priority_rows_critical_high": 85,
  "runtime_image": "forgelocal-secret-remediation:snakeoil-remediated-20260827",
  "runtime_presence": "PRESENT_IN_RUNTIME_IMAGE",
  "severity_counts": {
    "CRITICAL": 2,
    "HIGH": 83,
    "LOW": 48,
    "MEDIUM": 314,
    "UNKNOWN": 6
  },
  "trivy_vulnerabilities": 123,
  "unique_matrix_rows": 453
}
{
  "baseline_location": "/etc/ssl/private/ssl-cert-snakeoil.key",
  "baseline_status": "TRIVY_IMAGE_SECRET_OPEN",
  "creator": "ssl-cert package postinst via make-ssl-cert generate-default-snakeoil",
  "finding": "/etc/ssl/private/ssl-cert-snakeoil.key",
  "post_status": "TRIVY_IMAGE_SECRET_REMEDIATED",
  "post_trivy_secret_count": 0,
  "remediation": "Removed generated snakeoil key, certificate, broken variants, and ssl-cert enablement symlink after KasmVNC installation in Dockerfile.run",
  "runtime_dependency": "kasmvncserver depends on ssl-cert; KasmVNC defaults reference the generated pair, but ForgeLocal entrypoint explicitly uses -sslOnly 0 and -SecurityTypes None",
  "secret_values_retained": false
}
