=== FINAL ENVIRONMENT PUBLIC VERIFICATION ===
2026-08-26T17:06:50+00:00
REMOTE=https://github.com/davidwilsonbest89-afk/forgelocal-public-sanitized.git
BRANCH=validation/final-environment-qualification
CLONE_PATH=/home/ubuntu/forgelocal-final-env-qualification/fresh-clone
CLONE_HEAD=505b79692e28cbe2cd68d97e2bb8af016972574c
REMOTE_BRANCH_HEAD=505b79692e28cbe2cd68d97e2bb8af016972574c
CHECKOUT=explicit detached checkout of refs/remotes/origin/validation/final-environment-qualification
HEAD_REMOTE_MATCH=PASS
=== REFERENCE COMMITS ===
source_head=3656dbad4bfef0381e1f9d837271d293ecffe292
evidence_head=1dca108197f90e379184474ad37bbb9f386fe309
r7_package_commit=5cd16b11f62b8c16582973001ce81bff9ef03dcf
=== PACKAGE FILES ===
FINAL_ENVIRONMENT_QUALIFICATION_MANIFEST.txt
PACKAGE_VERIFICATION_RAW.log
forgelocal-final-environment-qualification.bundle
forgelocal-final-environment-qualification.bundle.sha256
forgelocal-final-environment-qualification.tar.gz
forgelocal-final-environment-qualification.tar.gz.sha256
forgelocal-final-environment-qualification.zip
forgelocal-final-environment-qualification.zip.sha256
367cd53ae909940acb3c2cd1a97710b80a6562bfc6d3025ff5e60cf0e3f27534  evidence/FINAL_ENVIRONMENT_QUALIFICATION_PACKAGE/forgelocal-final-environment-qualification.zip
3e4840f343b31492a9d1cec79f9a6b3898db5816609eb45a3866ac5a921dfa7f  evidence/FINAL_ENVIRONMENT_QUALIFICATION_PACKAGE/forgelocal-final-environment-qualification.tar.gz
e51f02201c4ee7eb1cf8a7c2da9285580168e32885423c434b3714a5d6d6cd6c  evidence/FINAL_ENVIRONMENT_QUALIFICATION_PACKAGE/forgelocal-final-environment-qualification.bundle
forgelocal-final-environment-qualification.zip: OK
forgelocal-final-environment-qualification.tar.gz: OK
forgelocal-final-environment-qualification.bundle: OK
Archive:  evidence/FINAL_ENVIRONMENT_QUALIFICATION_PACKAGE/forgelocal-final-environment-qualification.zip
    testing: evidence/                OK
    testing: evidence/FINAL_ENVIRONMENT_QUALIFICATION/   OK
    testing: evidence/FINAL_ENVIRONMENT_QUALIFICATION/scans/   OK
    testing: evidence/FINAL_ENVIRONMENT_QUALIFICATION/scans/gitleaks-source-only.json   OK
    testing: evidence/FINAL_ENVIRONMENT_QUALIFICATION/scans/gosec-source-only.json   OK
    testing: evidence/FINAL_ENVIRONMENT_QUALIFICATION/scans/semgrep-source-only.json   OK
    testing: evidence/FINAL_ENVIRONMENT_QUALIFICATION/scans/shellcheck-source-only.json   OK
    testing: evidence/FINAL_ENVIRONMENT_QUALIFICATION/scans/shellcheck-source-only.stderr   OK
    testing: evidence/FINAL_ENVIRONMENT_QUALIFICATION/scans/syft-source-only.cdx.json   OK
    testing: evidence/FINAL_ENVIRONMENT_QUALIFICATION/scans/syft-source-only.json   OK
    testing: evidence/FINAL_ENVIRONMENT_QUALIFICATION/scans/trivy-filesystem-source-only.json   OK
    testing: evidence/FINAL_ENVIRONMENT_QUALIFICATION/scans/yamllint-source-only.txt   OK
    testing: evidence/FINAL_ENVIRONMENT_QUALIFICATION/reference-integrity-raw.log   OK
    testing: evidence/FINAL_ENVIRONMENT_QUALIFICATION/bundle-baseline-hashes.log   OK
    testing: evidence/FINAL_ENVIRONMENT_QUALIFICATION/repo-inventory.txt   OK
    testing: evidence/FINAL_ENVIRONMENT_QUALIFICATION/run_regression.sh   OK
    testing: evidence/FINAL_ENVIRONMENT_QUALIFICATION/run_qualification_scans.sh   OK
    testing: evidence/FINAL_ENVIRONMENT_QUALIFICATION/run_environment_checks.sh   OK
    testing: evidence/FINAL_ENVIRONMENT_QUALIFICATION/forgelocal-final-environment-qualification.bundle   OK
    testing: evidence/FINAL_ENVIRONMENT_QUALIFICATION/forgelocal-final-environment-qualification.bundle.sha256   OK
    testing: evidence/FINAL_ENVIRONMENT_QUALIFICATION/bundle-verify.log   OK
    testing: bundle-verify.log        OK
    testing: FINAL_SCANNER_FINDINGS.tsv   OK
    testing: forgelocal-final-environment-qualification.bundle   OK
    testing: forgelocal-final-environment-qualification.bundle.sha256   OK
    testing: FINAL_ENVIRONMENT_BASELINE_DISCOVERY_RAW.log   OK
    testing: FINAL_ENVIRONMENT_TESTS_RAW.log   OK
    testing: FINAL_ENVIRONMENT_MATRIX.md   OK
    testing: FINAL_SECURITY_ENVIRONMENT_REPORT.md   OK
    testing: FINAL_ENVIRONMENT_QUALIFICATION_MANIFEST.txt   OK
No errors detected in compressed data of evidence/FINAL_ENVIRONMENT_QUALIFICATION_PACKAGE/forgelocal-final-environment-qualification.zip.
TAR_TEST=PASS
evidence/FINAL_ENVIRONMENT_QUALIFICATION_PACKAGE/forgelocal-final-environment-qualification.bundle is okay
The bundle contains this ref:
0553a0e36d53f4975b1921cf324c8adebfcc4a8f HEAD
The bundle requires this ref:
b907dfcd68c290144e2b922e352d5a937e9b3259 
The bundle uses this hash algorithm: sha1
=== FRESH EXTRACTION ===
ZIP_TAR_MANIFEST_COMPARE=PASS
=== GIT FSCK ===
FSCK_EXIT_CODE=0
=== WORKTREE ===
## [31mHEAD (no branch)[m
