IMAGE_POST_PASTED13_SCAN_SUMMARY=FINAL_SECRET_REMEDIATION
DATE_UTC=2026-08-27T03:59:23Z
CWD=/home/ubuntu/forgelocal-final-secret-remediation/repo
IMAGE_TAG=forgelocal-pasted13:regression
IMAGE_DIGEST=sha256:c8a77b4acbb01794b14a84b100aa05a9ebfb9584c10781e800556e924070cca5
BUILD_MODE=DOCKER_HOST_NETWORK_BUILD_PASS

TRIVY_VERSION=0.74.0
TRIVY_IMAGE_SCAN_EXIT=0
TRIVY_IMAGE_SECRETS=0
TRIVY_IMAGE_MISCONFIGURATIONS=0
TRIVY_IMAGE_VULNERABILITIES=123
TRIVY_IMAGE_STATUS=PASS_SECRET_AND_MISCONFIGURATION_SCANNERS_WITH_OPEN_VULNERABILITIES

SYFT_VERSION=1.51.0
SYFT_IMAGE_SBOM_EXIT=0
SYFT_IMAGE_SBOM_COMPONENTS=17474
SYFT_IMAGE_SBOM_STATUS=PASS

GRYPE_VERSION=0.117.0
GRYPE_IMAGE_SCAN_EXIT=0
GRYPE_MATCHES=379
GRYPE_CRITICAL=1
GRYPE_HIGH=42
GRYPE_POLICY_EXIT=1
GRYPE_POLICY_GATE=FAIL_OPEN_CRITICAL_HIGH=43
GRYPE_POLICY_APPROVED_EXCEPTIONS=0
GRYPE_POLICY_RESULT=EXPECTED_BLOCKING_PASS

DOCKER_HARDENING_TEST=PASS
DOCKER_REDACTION_TEST=PASS_WITH_SUDO_DAEMON_ACCESS
AUTHENTICATED_IMAGE_TEST=PASS_HTTP_200_TOKEN_FILE_0600_SENTINEL_ABSENT
SNAKEOIL_ARTIFACTS=ABSENT
NO_SECRET_VALUE_RETAINED=TRUE
NO_IMAGE_PUSH=TRUE
