UTC=2026-08-26T13:05:30Z
CWD=/home/ubuntu/forgelocal_self_validation_v6/operational_validation_v1/repo
BRANCH=validation/gosec-r5
HEAD=d01cea88117a0f6694c5f26d606ccc5694fa6c3a
COMMAND=sha256sum evidence/GOSEC_R5/gosec_r5_final.json
SHA256=f24905f47bee87164511232caf0538d551e2199460678775390f789b7a2c3e9f
COMMAND=git show HEAD:evidence/GOSEC_R5/gosec_r5_final.json | sha256sum
GIT_BLOB_SHA256=f24905f47bee87164511232caf0538d551e2199460678775390f789b7a2c3e9f
JSON_WORKTREE_EQUALS_HEAD_BLOB=PASS
COMMAND=python3 /tmp/reconcile_r5_count.py
ISSUES_LEN=59
G101=1
G115=3
G204=5
G302=5
G304=11
G305=1
G404=17
G703=9
G704=7
SUM_COUNTS=59
EXPECTED_R5_REPORT_TOTAL=59
TEXT_R6_CATEGORIES_TOTAL=58
MISSING_FROM_R6_TEXT=G305=1
RECONCILIATION_EXIT_CODE=0
