Reference integrity validation stopped.
2026-08-26T16:34:45+00:00
GOSEC_R7_BLOCKED_R6_BASELINE_OR_PACKAGE_MISMATCH
Reason: at least one canonical R7 package, bundle, baseline, or sidecar is absent from the public HEAD checkout.
R7_BASELINE_DISCOVERY_RAW.log
R7_BUNDLE_VERIFY_RAW.log
R7_BUNDLE_VERIFY_V2_RAW.log
R7_BUNDLE_VERIFY_V3_RAW.log
R7_BUNDLE_VERIFY_V4_RAW.log
R7_CHANGELOG.md
R7_COMMANDS_RAW.log
R7_CONSOLIDATED_TESTS_RAW.log
R7_FINAL_MANIFEST.txt
R7_FINAL_MANIFEST_V2.txt
R7_FINAL_MANIFEST_V3.txt
R7_FINAL_MANIFEST_V4.txt
R7_FINAL_POSTCHECK_RAW.log
R7_FINAL_RISK_DECISION.md
R7_FINDINGS_MATRIX.tsv
R7_FINDING_MATRIX.tsv
R7_GOSEC_BASELINE.json
R7_GOSEC_FINAL.json
R7_MANIFEST_RECONCILIATION.md
R7_MATRIX_PRELIMINARY_REPORT.md
R7_PUBLIC_VERIFICATION_RAW.log
R7_PUBLIC_VERIFICATION_V2_RAW.log
R7_PUBLIC_VERIFICATION_V3_RAW.log
R7_PUBLIC_VERIFICATION_V4_RAW.log
R7_RISK_SCOPE.md
R7_SYFT.json
R7_TODO.md
R7_VALIDATION_COMMANDS_RAW.log
forgelocal-gosec-r7-delta-3656dba-0ba8ac9.bundle
forgelocal-gosec-r7-delta-3656dba-1dca108.bundle
forgelocal-gosec-r7-delta-3656dba-24537ac.bundle
forgelocal-gosec-r7-delta-3656dba-dda5525.bundle
forgelocal-gosec-r7-final-v1.manifest.txt
forgelocal-gosec-r7-final-v1.tar.gz
forgelocal-gosec-r7-final-v1.tar.gz.sha256
forgelocal-gosec-r7-final-v1.zip
forgelocal-gosec-r7-final-v1.zip.sha256
forgelocal-gosec-r7-final-v2.manifest.txt
forgelocal-gosec-r7-final-v2.tar.gz
forgelocal-gosec-r7-final-v2.tar.gz.sha256
forgelocal-gosec-r7-final-v2.zip
forgelocal-gosec-r7-final-v2.zip.sha256
forgelocal-gosec-r7-final-v3.bundle.sha256
forgelocal-gosec-r7-final-v3.manifest.txt
forgelocal-gosec-r7-final-v3.tar.gz
forgelocal-gosec-r7-final-v3.tar.gz.sha256
forgelocal-gosec-r7-final-v3.zip
forgelocal-gosec-r7-final-v3.zip.sha256
forgelocal-gosec-r7-final-v4.bundle.sha256
forgelocal-gosec-r7-final-v4.manifest.txt
forgelocal-gosec-r7-final-v4.tar.gz
forgelocal-gosec-r7-final-v4.tar.gz.sha256
forgelocal-gosec-r7-final-v4.zip
forgelocal-gosec-r7-final-v4.zip.sha256
