started_utc=2026-08-20T02:16:32Z
cwd=/home/ubuntu/forgelocal-t24-work
commit=d811a5c71e4b9398e358f4469408a1917b608a3d
command=trivy filesystem --scanners secret --skip-db-update --skip-version-check .
2026-08-20T02:16:32Z	INFO	[secret] Secret scanning is enabled
2026-08-20T02:16:32Z	INFO	[secret] Please see https://trivy.dev/docs/v0.74/guide/scanner/secret#recommendation for faster secret detection
2026-08-20T02:16:32Z	INFO	[pnpm] Run "pnpm install" to collect the license information of packages	dir="forge-dashboard/node_modules"
2026-08-20T02:16:33Z	INFO	Suppressing dependencies for development and testing. To display them, try the '--include-dev-deps' flag.
2026-08-20T02:16:33Z	INFO	Number of language-specific files	num=2

Report Summary

┌────────────────────────────────┬───────┬─────────┐
│             Target             │ Type  │ Secrets │
├────────────────────────────────┼───────┼─────────┤
│ forge-dashboard/pnpm-lock.yaml │ pnpm  │    -    │
├────────────────────────────────┼───────┼─────────┤
│ go.mod                         │ gomod │    -    │
└────────────────────────────────┴───────┴─────────┘
Legend:
- '-': Not scanned
- '0': Clean (no security findings detected)

exit_code=0
completed_utc=2026-08-20T02:16:33Z
