UTC=2026-08-28T01:20:00Z
PWD=/home/ubuntu/forgelocal-final-secret-remediation/repo/evidence/central-acceptance/2026-08-28
COMMAND=central evidence integration status reconciliation
LOT_ROWS=4
EVIDENCE_ACCEPTANCE=COMPLETE
CENTRAL_LOCAL_INTEGRATION=AUTHORIZED_LOCAL_ONLY
ZIP_FILES=4
SIDECAR_FILES=4
CENTRAL_REPORTS=2
PRODUCT_CODE_FILES_CHANGED=0
OUT_OF_SCOPE_FILES_CHANGED=0
UNASSIGNED_GATES=0
HIDDEN_GATES=0
RELEASE_GATES_LIFTED=0
PRODUCTION_READY_ASSERTIONS=0
PUSH_TO_GITHUB=NO
MERGE_PERFORMED=false
RELEASE_PERFORMED=false
PUBLIC_RELEASE_BLOCKED=true
FORGELOCAL_PRODUCTION_READY=false
INDEPENDENT_REVIEW_PENDING=true
STATUS=PASS_PRE_COMMIT
