UTC=2026-08-28T01:21:41Z
PWD=/home/ubuntu/forgelocal-final-secret-remediation/repo/evidence/central-acceptance/2026-08-28/lot-packages
COMMAND=unzip -t LOT-X.zip; unzip LOT-X.zip -d extraction-X
LOT=A
ZIP_TEST_EXIT_CODE=0
FRESH_EXTRACTION_EXIT_CODE=0
ARCHIVE_ENTRY_COUNT=24
LOT=B
ZIP_TEST_EXIT_CODE=0
FRESH_EXTRACTION_EXIT_CODE=0
ARCHIVE_ENTRY_COUNT=31
LOT=C
ZIP_TEST_EXIT_CODE=0
FRESH_EXTRACTION_EXIT_CODE=0
ARCHIVE_ENTRY_COUNT=20
LOT=D
ZIP_TEST_EXIT_CODE=0
FRESH_EXTRACTION_EXIT_CODE=0
ARCHIVE_ENTRY_COUNT=7
ZIP_TESTS_PASS=4
EXTRACTIONS_PASS=4
